Archive member included to satisfy reference by file (symbol)

C:/Users/user/SimplicityStudio/SDKs/gecko_sdk_2//platform/radio/rail_lib/autogen/librail_release/librail_efr32xg22_gcc_release.a(rail_singleprotocol.o)
                              ./autogen/sl_rail_util_init.o (RAIL_Init)
C:/Users/user/SimplicityStudio/SDKs/gecko_sdk_2//platform/radio/rail_lib/autogen/librail_release/librail_efr32xg22_gcc_release.a(rail_rf.o)
                              C:/Users/user/SimplicityStudio/SDKs/gecko_sdk_2//platform/radio/rail_lib/autogen/librail_release/librail_efr32xg22_gcc_release.a(rail_singleprotocol.o) (RAILINT_0ca222f7a680788c307a2bad1be33ff3)
C:/Users/user/SimplicityStudio/SDKs/gecko_sdk_2//platform/radio/rail_lib/autogen/librail_release/librail_efr32xg22_gcc_release.a(rail_rx.o)
                              C:/Users/user/SimplicityStudio/SDKs/gecko_sdk_2//platform/radio/rail_lib/autogen/librail_release/librail_efr32xg22_gcc_release.a(rail_singleprotocol.o) (RAILINT_7a1b83c18f57d5dc8774009ae81ab08e)
C:/Users/user/SimplicityStudio/SDKs/gecko_sdk_2//platform/radio/rail_lib/autogen/librail_release/librail_efr32xg22_gcc_release.a(rail_tx.o)
                              C:/Users/user/SimplicityStudio/SDKs/gecko_sdk_2//platform/radio/rail_lib/autogen/librail_release/librail_efr32xg22_gcc_release.a(rail_singleprotocol.o) (RAILINT_702d492f891744505c1804ad464b3197)
C:/Users/user/SimplicityStudio/SDKs/gecko_sdk_2//platform/radio/rail_lib/autogen/librail_release/librail_efr32xg22_gcc_release.a(rail_calibration.o)
                              C:/Users/user/SimplicityStudio/SDKs/gecko_sdk_2//platform/radio/rail_lib/autogen/librail_release/librail_efr32xg22_gcc_release.a(rail_singleprotocol.o) (RAILINT_3f0676ac0f150b09d4f7c9192cb9582b)
C:/Users/user/SimplicityStudio/SDKs/gecko_sdk_2//platform/radio/rail_lib/autogen/librail_release/librail_efr32xg22_gcc_release.a(rail_autoack.o)
                              ./app_init.o (RAIL_ConfigAutoAck)
C:/Users/user/SimplicityStudio/SDKs/gecko_sdk_2//platform/radio/rail_lib/autogen/librail_release/librail_efr32xg22_gcc_release.a(rail_data.o)
                              ./autogen/sl_rail_util_init.o (RAIL_ConfigData)
C:/Users/user/SimplicityStudio/SDKs/gecko_sdk_2//platform/radio/rail_lib/autogen/librail_release/librail_efr32xg22_gcc_release.a(rail_assert.o)
                              C:/Users/user/SimplicityStudio/SDKs/gecko_sdk_2//platform/radio/rail_lib/autogen/librail_release/librail_efr32xg22_gcc_release.a(rail_rf.o) (RAILINT_205167ae842e22724c3f35c6430eeddb)
C:/Users/user/SimplicityStudio/SDKs/gecko_sdk_2//platform/radio/rail_lib/autogen/librail_release/librail_efr32xg22_gcc_release.a(rail_pti.o)
                              ./gecko_sdk_4.3.1/platform/radio/rail_lib/plugin/rail_util_pti/sl_rail_util_pti.o (RAIL_ConfigPti)
C:/Users/user/SimplicityStudio/SDKs/gecko_sdk_2//platform/radio/rail_lib/autogen/librail_release/librail_efr32xg22_gcc_release.a(rail_rssi.o)
                              ./gecko_sdk_4.3.1/platform/radio/rail_lib/plugin/rail_util_rssi/sl_rail_util_rssi.o (RAIL_SetRssiOffset)
C:/Users/user/SimplicityStudio/SDKs/gecko_sdk_2//platform/radio/rail_lib/autogen/librail_release/librail_efr32xg22_gcc_release.a(rail_timer.o)
                              C:/Users/user/SimplicityStudio/SDKs/gecko_sdk_2//platform/radio/rail_lib/autogen/librail_release/librail_efr32xg22_gcc_release.a(rail_singleprotocol.o) (RAILINT_80a95b4aaea926537c097a70e34624c5)
C:/Users/user/SimplicityStudio/SDKs/gecko_sdk_2//platform/radio/rail_lib/autogen/librail_release/librail_efr32xg22_gcc_release.a(rail_features.o)
                              ./gecko_sdk_4.3.1/platform/radio/rail_lib/plugin/pa-conversions/pa_conversions_efr32.o (RAIL_SupportsTxPowerModeAlt)
C:/Users/user/SimplicityStudio/SDKs/gecko_sdk_2//platform/radio/rail_lib/autogen/librail_release/librail_efr32xg22_gcc_release.a(tmrdrv.o)
                              C:/Users/user/SimplicityStudio/SDKs/gecko_sdk_2//platform/radio/rail_lib/autogen/librail_release/librail_efr32xg22_gcc_release.a(rail_timer.o) (RAILINT_03a02e949ccb07bdf2c116a95bc1063d)
C:/Users/user/SimplicityStudio/SDKs/gecko_sdk_2//platform/radio/rail_lib/autogen/librail_release/librail_efr32xg22_gcc_release.a(tmrdrv_config.o)
                              C:/Users/user/SimplicityStudio/SDKs/gecko_sdk_2//platform/radio/rail_lib/autogen/librail_release/librail_efr32xg22_gcc_release.a(tmrdrv.o) (RAILINT_47ca1afb9bdf7beb1cf53c552f662e9e)
C:/Users/user/SimplicityStudio/SDKs/gecko_sdk_2//platform/radio/rail_lib/autogen/librail_release/librail_efr32xg22_gcc_release.a(pa_auto_mode.o)
                              C:/Users/user/SimplicityStudio/SDKs/gecko_sdk_2//platform/radio/rail_lib/autogen/librail_release/librail_efr32xg22_gcc_release.a(rail_tx.o) (RAILCb_PaAutoModeDecision)
C:/Users/user/SimplicityStudio/SDKs/gecko_sdk_2//platform/radio/rail_lib/autogen/librail_release/librail_efr32xg22_gcc_release.a(rail_ieee802154.o)
[...]
Memory Configuration

Name             Origin             Length             Attributes
FLASH            0x00000000         0x0007e000         xr
RAM              0x20000000         0x00008000         xrw
*default*        0x00000000         0xffffffff

Linker script and memory map

LOAD c:/siliconlabs/simplicitystudio/v5/developer/toolchains/gnu_arm/10.3_2021.10/bin/../lib/gcc/arm-none-eabi/10.3.1/thumb/v8-m.main+fp/hard/crti.o
LOAD c:/siliconlabs/simplicitystudio/v5/developer/toolchains/gnu_arm/10.3_2021.10/bin/../lib/gcc/arm-none-eabi/10.3.1/thumb/v8-m.main+fp/hard/crtbegin.o
LOAD c:/siliconlabs/simplicitystudio/v5/developer/toolchains/gnu_arm/10.3_2021.10/bin/../lib/gcc/arm-none-eabi/10.3.1/../../../../arm-none-eabi/lib/thumb/v8-m.main+fp/hard/crt0.o
START GROUP
LOAD ./app_cli.o
LOAD ./app_init.o
LOAD ./app_process.o
LOAD ./main.o
LOAD ./memlcd_app.o
LOAD ./autogen/rail_config.o
LOAD ./autogen/sl_board_default_init.o
LOAD ./autogen/sl_cli_command_table.o
LOAD ./autogen/sl_cli_instances.o
LOAD ./autogen/sl_device_init_clocks.o
LOAD ./autogen/sl_event_handler.o
LOAD ./autogen/sl_iostream_handles.o
LOAD ./autogen/sl_iostream_init_eusart_instances.o
LOAD ./autogen/sl_rail_util_callbacks.o
LOAD ./autogen/sl_rail_util_init.o
LOAD ./autogen/sl_simple_button_instances.o
LOAD ./autogen/sl_simple_led_instances.o
LOAD ./autogen/sli_cli_hooks.o
LOAD ./gecko_sdk_4.3.1/app/common/util/app_log/app_log.o
LOAD ./gecko_sdk_4.3.1/app/flex/component/rail/sl_flex_rail_channel_selector/sl_flex_rail_channel_selector.o
LOAD ./gecko_sdk_4.3.1/app/flex/component/rail/sl_flex_rail_channel_selector/sl_flex_rail_channel_selector_cli.o
LOAD ./gecko_sdk_4.3.1/app/flex/component/rail/sl_flex_rail_package_assistant/sl_flex_rail_package_assistant.o
LOAD ./gecko_sdk_4.3.1/app/flex/component/rail/sl_flex_rail_package_assistant/sl_flex_rail_package_assistant_cli.o
LOAD ./gecko_sdk_4.3.1/app/flex/component/rail/sl_flex_rail_packet_asm/sl_flex_packet_asm.o
LOAD ./gecko_sdk_4.3.1/hardware/board/src/sl_board_control_gpio.o
LOAD ./gecko_sdk_4.3.1/hardware/board/src/sl_board_init.o
LOAD ./gecko_sdk_4.3.1/hardware/driver/configuration_over_swo/src/sl_cos.o
LOAD ./gecko_sdk_4.3.1/hardware/driver/memlcd/src/memlcd_usart/sl_memlcd_spi.o
LOAD ./gecko_sdk_4.3.1/hardware/driver/memlcd/src/sl_memlcd.o
LOAD ./gecko_sdk_4.3.1/hardware/driver/memlcd/src/sl_memlcd_display.o
LOAD ./gecko_sdk_4.3.1/hardware/driver/mx25_flash_shutdown/src/sl_mx25_flash_shutdown_usart/sl_mx25_flash_shutdown.o
LOAD ./gecko_sdk_4.3.1/platform/Device/SiliconLabs/EFR32MG22/Source/startup_efr32mg22.o
LOAD ./gecko_sdk_4.3.1/platform/Device/SiliconLabs/EFR32MG22/Source/system_efr32mg22.o
LOAD ./gecko_sdk_4.3.1/platform/common/src/sl_assert.o
LOAD ./gecko_sdk_4.3.1/platform/common/src/sl_slist.o
LOAD ./gecko_sdk_4.3.1/platform/common/src/sl_string.o
LOAD ./gecko_sdk_4.3.1/platform/common/toolchain/src/sl_memory.o
LOAD ./gecko_sdk_4.3.1/platform/driver/button/src/sl_button.o
LOAD ./gecko_sdk_4.3.1/platform/driver/button/src/sl_simple_button.o
LOAD ./gecko_sdk_4.3.1/platform/driver/debug/src/sl_debug_swo.o
LOAD ./gecko_sdk_4.3.1/platform/driver/leddrv/src/sl_led.o
LOAD ./gecko_sdk_4.3.1/platform/driver/leddrv/src/sl_simple_led.o
LOAD ./gecko_sdk_4.3.1/platform/emdrv/dmadrv/src/dmadrv.o
LOAD ./gecko_sdk_4.3.1/platform/emdrv/gpiointerrupt/src/gpiointerrupt.o
LOAD ./gecko_sdk_4.3.1/platform/emlib/src/em_burtc.o
LOAD ./gecko_sdk_4.3.1/platform/emlib/src/em_cmu.o
LOAD ./gecko_sdk_4.3.1/platform/emlib/src/em_core.o
LOAD ./gecko_sdk_4.3.1/platform/emlib/src/em_emu.o
LOAD ./gecko_sdk_4.3.1/platform/emlib/src/em_eusart.o
LOAD ./gecko_sdk_4.3.1/platform/emlib/src/em_gpio.o
LOAD ./gecko_sdk_4.3.1/platform/emlib/src/em_ldma.o
LOAD ./gecko_sdk_4.3.1/platform/emlib/src/em_msc.o
LOAD ./gecko_sdk_4.3.1/platform/emlib/src/em_prs.o
LOAD ./gecko_sdk_4.3.1/platform/emlib/src/em_rtcc.o
LOAD ./gecko_sdk_4.3.1/platform/emlib/src/em_system.o
LOAD ./gecko_sdk_4.3.1/platform/emlib/src/em_timer.o
LOAD ./gecko_sdk_4.3.1/platform/emlib/src/em_usart.o
LOAD ./gecko_sdk_4.3.1/platform/middleware/glib/dmd/display/dmd_memlcd.o
LOAD ./gecko_sdk_4.3.1/platform/middleware/glib/fonts/glib_font_narrow_6x8.o
LOAD ./gecko_sdk_4.3.1/platform/middleware/glib/fonts/glib_font_normal_8x8.o
LOAD ./gecko_sdk_4.3.1/platform/middleware/glib/fonts/glib_font_number_16x20.o
LOAD ./gecko_sdk_4.3.1/platform/middleware/glib/glib/bmp.o
LOAD ./gecko_sdk_4.3.1/platform/middleware/glib/glib/glib.o
LOAD ./gecko_sdk_4.3.1/platform/middleware/glib/glib/glib_bitmap.o
LOAD ./gecko_sdk_4.3.1/platform/middleware/glib/glib/glib_circle.o
LOAD ./gecko_sdk_4.3.1/platform/middleware/glib/glib/glib_line.o
LOAD ./gecko_sdk_4.3.1/platform/middleware/glib/glib/glib_polygon.o
LOAD ./gecko_sdk_4.3.1/platform/middleware/glib/glib/glib_rectangle.o
LOAD ./gecko_sdk_4.3.1/platform/middleware/glib/glib/glib_string.o
LOAD ./gecko_sdk_4.3.1/platform/radio/rail_lib/plugin/pa-conversions/pa_conversions_efr32.o
LOAD ./gecko_sdk_4.3.1/platform/radio/rail_lib/plugin/pa-conversions/pa_curves_efr32.o
LOAD ./gecko_sdk_4.3.1/platform/radio/rail_lib/plugin/rail_util_protocol/sl_rail_util_protocol.o
LOAD ./gecko_sdk_4.3.1/platform/radio/rail_lib/plugin/rail_util_pti/sl_rail_util_pti.o
LOAD ./gecko_sdk_4.3.1/platform/radio/rail_lib/plugin/rail_util_rssi/sl_rail_util_rssi.o
LOAD ./gecko_sdk_4.3.1/platform/service/cli/src/sl_cli.o
LOAD ./gecko_sdk_4.3.1/platform/service/cli/src/sl_cli_arguments.o
LOAD ./gecko_sdk_4.3.1/platform/service/cli/src/sl_cli_command.o
LOAD ./gecko_sdk_4.3.1/platform/service/cli/src/sl_cli_input.o
LOAD ./gecko_sdk_4.3.1/platform/service/cli/src/sl_cli_io.o
LOAD ./gecko_sdk_4.3.1/platform/service/cli/src/sl_cli_tokenize.o
LOAD ./gecko_sdk_4.3.1/platform/service/device_init/src/sl_device_init_dcdc_s2.o
LOAD ./gecko_sdk_4.3.1/platform/service/device_init/src/sl_device_init_emu_s2.o
LOAD ./gecko_sdk_4.3.1/platform/service/device_init/src/sl_device_init_hfxo_s2.o
LOAD ./gecko_sdk_4.3.1/platform/service/device_init/src/sl_device_init_lfxo_s2.o
LOAD ./gecko_sdk_4.3.1/platform/service/device_init/src/sl_device_init_nvic.o
LOAD ./gecko_sdk_4.3.1/platform/service/iostream/src/sl_iostream.o
LOAD ./gecko_sdk_4.3.1/platform/service/iostream/src/sl_iostream_eusart.o
LOAD ./gecko_sdk_4.3.1/platform/service/iostream/src/sl_iostream_retarget_stdio.o
LOAD ./gecko_sdk_4.3.1/platform/service/iostream/src/sl_iostream_stdlib_config.o
LOAD ./gecko_sdk_4.3.1/platform/service/iostream/src/sl_iostream_uart.o
LOAD ./gecko_sdk_4.3.1/platform/service/mpu/src/sl_mpu.o
LOAD ./gecko_sdk_4.3.1/platform/service/sleeptimer/src/sl_sleeptimer.o
LOAD ./gecko_sdk_4.3.1/platform/service/sleeptimer/src/sl_sleeptimer_hal_burtc.o
LOAD ./gecko_sdk_4.3.1/platform/service/sleeptimer/src/sl_sleeptimer_hal_prortc.o
LOAD ./gecko_sdk_4.3.1/platform/service/sleeptimer/src/sl_sleeptimer_hal_rtcc.o
LOAD ./gecko_sdk_4.3.1/platform/service/sleeptimer/src/sl_sleeptimer_hal_timer.o
LOAD ./gecko_sdk_4.3.1/platform/service/system/src/sl_system_init.o
LOAD ./gecko_sdk_4.3.1/platform/service/system/src/sl_system_process_action.o
LOAD ./gecko_sdk_4.3.1/platform/service/udelay/src/sl_udelay.o
LOAD ./gecko_sdk_4.3.1/platform/service/udelay/src/sl_udelay_armv6m_gcc.o
LOAD ./gecko_sdk_4.3.1/util/third_party/printf/printf.o
LOAD ./gecko_sdk_4.3.1/util/third_party/printf/src/iostream_printf.o
LOAD C:/Users/user/SimplicityStudio/SDKs/gecko_sdk_2//platform/radio/rail_lib/autogen/librail_release/librail_efr32xg22_gcc_release.a
LOAD c:/siliconlabs/simplicitystudio/v5/developer/toolchains/gnu_arm/10.3_2021.10/bin/../lib/gcc/arm-none-eabi/10.3.1/thumb/v8-m.main+fp/hard\libgcc.a
LOAD c:/siliconlabs/simplicitystudio/v5/developer/toolchains/gnu_arm/10.3_2021.10/bin/../lib/gcc/arm-none-eabi/10.3.1/../../../../arm-none-eabi/lib/thumb/v8-m.main+fp/hard\libc_nano.a
LOAD c:/siliconlabs/simplicitystudio/v5/developer/toolchains/gnu_arm/10.3_2021.10/bin/../lib/gcc/arm-none-eabi/10.3.1/../../../../arm-none-eabi/lib/thumb/v8-m.main+fp/hard\libm.a
LOAD c:/siliconlabs/simplicitystudio/v5/developer/toolchains/gnu_arm/10.3_2021.10/bin/../lib/gcc/arm-none-eabi/10.3.1/../../../../arm-none-eabi/lib/thumb/v8-m.main+fp/hard\libnosys.a
END GROUP
START GROUP
LOAD c:/siliconlabs/simplicitystudio/v5/developer/toolchains/gnu_arm/10.3_2021.10/bin/../lib/gcc/arm-none-eabi/10.3.1/thumb/v8-m.main+fp/hard\libgcc.a
LOAD c:/siliconlabs/simplicitystudio/v5/developer/toolchains/gnu_arm/10.3_2021.10/bin/../lib/gcc/arm-none-eabi/10.3.1/../../../../arm-none-eabi/lib/thumb/v8-m.main+fp/hard\libc_nano.a
LOAD c:/siliconlabs/simplicitystudio/v5/developer/toolchains/gnu_arm/10.3_2021.10/bin/../lib/gcc/arm-none-eabi/10.3.1/../../../../arm-none-eabi/lib/thumb/v8-m.main+fp/hard\libnosys.a
END GROUP
START GROUP
LOAD c:/siliconlabs/simplicitystudio/v5/developer/toolchains/gnu_arm/10.3_2021.10/bin/../lib/gcc/arm-none-eabi/10.3.1/thumb/v8-m.main+fp/hard\libgcc.a
LOAD c:/siliconlabs/simplicitystudio/v5/developer/toolchains/gnu_arm/10.3_2021.10/bin/../lib/gcc/arm-none-eabi/10.3.1/../../../../arm-none-eabi/lib/thumb/v8-m.main+fp/hard\libg_nano.a
LOAD c:/siliconlabs/simplicitystudio/v5/developer/toolchains/gnu_arm/10.3_2021.10/bin/../lib/gcc/arm-none-eabi/10.3.1/../../../../arm-none-eabi/lib/thumb/v8-m.main+fp/hard\libc_nano.a
END GROUP
START GROUP
LOAD c:/siliconlabs/simplicitystudio/v5/developer/toolchains/gnu_arm/10.3_2021.10/bin/../lib/gcc/arm-none-eabi/10.3.1/thumb/v8-m.main+fp/hard\libgcc.a
LOAD c:/siliconlabs/simplicitystudio/v5/developer/toolchains/gnu_arm/10.3_2021.10/bin/../lib/gcc/arm-none-eabi/10.3.1/../../../../arm-none-eabi/lib/thumb/v8-m.main+fp/hard\libc_nano.a
END GROUP
LOAD c:/siliconlabs/simplicitystudio/v5/developer/toolchains/gnu_arm/10.3_2021.10/bin/../lib/gcc/arm-none-eabi/10.3.1/thumb/v8-m.main+fp/hard/crtend.o
LOAD c:/siliconlabs/simplicitystudio/v5/developer/toolchains/gnu_arm/10.3_2021.10/bin/../lib/gcc/arm-none-eabi/10.3.1/thumb/v8-m.main+fp/hard/crtn.o

.text           0x00000000    0x1742c
                0x00000000                linker_vectors_begin = .
 *(.vectors)
 .vectors       0x00000000      0x140 ./gecko_sdk_4.3.1/platform/Device/SiliconLabs/EFR32MG22/Source/startup_efr32mg22.o
                0x00000000                __Vectors
                0x00000140                linker_vectors_end = .
                0x00000140                __Vectors_End = .
                0x00000140                __Vectors_Size = (__Vectors_End - __Vectors)
                0x00000140                linker_code_begin = .
 *(SORT_BY_ALIGNMENT(.text*))
 .text          0x00000140        0x8 ./gecko_sdk_4.3.1/platform/service/udelay/src/sl_udelay_armv6m_gcc.o
                0x00000140                sli_delay_loop
 .text.handle_received_packet
                0x00000148      0x1f4 ./app_process.o
 *fill*         0x0000033c        0x4 
 .text.sl_rail_util_init_inst0
                0x00000340      0x28c ./autogen/sl_rail_util_init.o
 *fill*         0x000005cc        0x4 
 .text._etoa    0x000005d0      0x3ec ./gecko_sdk_4.3.1/util/third_party/printf/printf.o
 *fill*         0x000009bc        0x4 
 .text._ftoa    0x000009c0      0x398 ./gecko_sdk_4.3.1/util/third_party/printf/printf.o
 .text.pow      0x00000d58       0xf0 c:/siliconlabs/simplicitystudio/v5/developer/toolchains/gnu_arm/10.3_2021.10/bin/../lib/gcc/arm-none-eabi/10.3.1/../../../../arm-none-eabi/lib/thumb/v8-m.main+fp/hard\libm.a(lib_a-w_pow.o)
                0x00000d58                pow
 .text.__ieee754_pow
                0x00000e48      0xb4c c:/siliconlabs/simplicitystudio/v5/developer/toolchains/gnu_arm/10.3_2021.10/bin/../lib/gcc/arm-none-eabi/10.3.1/../../../../arm-none-eabi/lib/thumb/v8-m.main+fp/hard\libm.a(lib_a-e_pow.o)
                0x00000e48                __ieee754_pow
 *fill*         0x00001994        0x4 
 .text.scalbn   0x00001998      0x128 c:/siliconlabs/simplicitystudio/v5/developer/toolchains/gnu_arm/10.3_2021.10/bin/../lib/gcc/arm-none-eabi/10.3.1/../../../../arm-none-eabi/lib/thumb/v8-m.main+fp/hard\libm.a(lib_a-s_scalbn.o)
                0x00001998                scalbn
 .text          0x00001ac0       0x40 c:/siliconlabs/simplicitystudio/v5/developer/toolchains/gnu_arm/10.3_2021.10/bin/../lib/gcc/arm-none-eabi/10.3.1/thumb/v8-m.main+fp/hard/crtbegin.o
 .text          0x00001b00       0x7c c:/siliconlabs/simplicitystudio/v5/developer/toolchains/gnu_arm/10.3_2021.10/bin/../lib/gcc/arm-none-eabi/10.3.1/../../../../arm-none-eabi/lib/thumb/v8-m.main+fp/hard/crt0.o
                0x00001b00                _stack_init
                0x00001b08                _start
                0x00001b08                _mainCRTStartup
 .text.cli_info
                0x00001b7c       0x8c ./app_cli.o
                0x00001b7c                cli_info
 .text.cli_send_packet
                0x00001c08       0x34 ./app_cli.o
                0x00001c08                cli_send_packet
 .text.cli_receive_packet
                0x00001c3c       0x54 ./app_cli.o
                0x00001c3c                cli_receive_packet
 .text.print_sample_app_name
                0x00001c90       0x2c ./app_init.o
                0x00001c90                print_sample_app_name
 .text.app_init
                0x00001cbc      0x10c ./app_init.o
                0x00001cbc                app_init
 .text.tx_req   0x00001dc8        0xc ./app_process.o
                0x00001dc8                tx_req
 .text.handle_error_state
                0x00001dd4       0xcc ./app_process.o
 .text.start_receiving
                0x00001ea0       0x40 ./app_process.o
 .text.handle_packet_transmission
                0x00001ee0       0x88 ./app_process.o
 .text.set_up_tx_fifo
                0x00001f68       0x7c ./app_process.o
                0x00001f68                set_up_tx_fifo
 .text.sl_rail_util_on_event
                0x00001fe4       0x90 ./app_process.o
                0x00001fe4                sl_rail_util_on_event
 .text.sl_button_on_change
                0x00002074       0x18 ./app_process.o
                0x00002074                sl_button_on_change
 .text.request_tx
                0x0000208c       0x24 ./app_process.o
                0x0000208c                request_tx
 .text.app_process_action
                0x000020b0       0xf4 ./app_process.o
                0x000020b0                app_process_action
 .text.main     0x000021a4       0x20 ./main.o
                0x000021a4                main
 .text.memlcd_app_init
                0x000021c4       0x64 ./memlcd_app.o
                0x000021c4                memlcd_app_init
 .text.print_to_lcd
                0x00002228       0x3c ./memlcd_app.o
                0x00002228                print_to_lcd
 .text.sl_cli_instances_init
                0x00002264       0x40 ./autogen/sl_cli_instances.o
                0x00002264                sl_cli_instances_init
 .text.sl_cli_instances_tick
                0x000022a4       0x28 ./autogen/sl_cli_instances.o
                0x000022a4                sl_cli_instances_tick
 .text.sl_device_init_clocks
                0x000022cc       0xa0 ./autogen/sl_device_init_clocks.o
                0x000022cc                sl_device_init_clocks
 .text.sl_platform_init
                0x0000236c       0x58 ./autogen/sl_event_handler.o
                0x0000236c                sl_platform_init
 .text.sl_iostream_eusart_init_vcom
                0x000023c4       0xbc ./autogen/sl_iostream_init_eusart_instances.o
                0x000023c4                sl_iostream_eusart_init_vcom
 .text.EUART0_TX_IRQHandler
                0x00002480       0x10 ./autogen/sl_iostream_init_eusart_instances.o
                0x00002480                EUART0_TX_IRQHandler
 .text.EUART0_RX_IRQHandler
                0x00002490       0x10 ./autogen/sl_iostream_init_eusart_instances.o
                0x00002490                EUART0_RX_IRQHandler
 .text.sl_rail_util_on_assert_failed
                0x000024a0       0x64 ./autogen/sl_rail_util_callbacks.o
                0x000024a0                sl_rail_util_on_assert_failed
 .text.sl_rail_util_get_handle
                0x00002504       0x1c ./autogen/sl_rail_util_init.o
                0x00002504                sl_rail_util_get_handle
 .text.sl_simple_button_init_instances
                0x00002520       0x18 ./autogen/sl_simple_button_instances.o
                0x00002520                sl_simple_button_init_instances
 .text.sl_simple_led_init_instances
                0x00002538       0x18 ./autogen/sl_simple_led_instances.o
                0x00002538                sl_simple_led_init_instances
 .text.app_log_check_level
                0x00002550       0x40 ./gecko_sdk_4.3.1/app/common/util/app_log/app_log.o
                0x00002550                app_log_check_level
 .text.app_log_init
                0x00002590       0x38 ./gecko_sdk_4.3.1/app/common/util/app_log/app_log.o
                0x00002590                app_log_init
 .text.set_selected_channel
                0x000025c8       0x50 ./gecko_sdk_4.3.1/app/flex/component/rail/sl_flex_rail_channel_selector/sl_flex_rail_channel_selector.o
                0x000025c8                set_selected_channel
 .text.get_selected_channel
                0x00002618        0xc ./gecko_sdk_4.3.1/app/flex/component/rail/sl_flex_rail_channel_selector/sl_flex_rail_channel_selector.o
                0x00002618                get_selected_channel
 .text.set_configured_channel
                0x00002624       0x68 ./gecko_sdk_4.3.1/app/flex/component/rail/sl_flex_rail_channel_selector/sl_flex_rail_channel_selector.o
                0x00002624                set_configured_channel
 .text.restart_rx_channel
                0x0000268c       0x48 ./gecko_sdk_4.3.1/app/flex/component/rail/sl_flex_rail_channel_selector/sl_flex_rail_channel_selector.o
                0x0000268c                restart_rx_channel
 .text.cli_get_channel
                0x000026d4       0x30 ./gecko_sdk_4.3.1/app/flex/component/rail/sl_flex_rail_channel_selector/sl_flex_rail_channel_selector_cli.o
                0x000026d4                cli_get_channel
 .text.cli_set_channel
                0x00002704       0x84 ./gecko_sdk_4.3.1/app/flex/component/rail/sl_flex_rail_channel_selector/sl_flex_rail_channel_selector_cli.o
                0x00002704                cli_set_channel
 .text.get_print_packet_info
                0x00002788        0xc ./gecko_sdk_4.3.1/app/flex/component/rail/sl_flex_rail_package_assistant/sl_flex_rail_package_assistant.o
                0x00002788                get_print_packet_info
 .text.set_print_packet_info
                0x00002794        0xc ./gecko_sdk_4.3.1/app/flex/component/rail/sl_flex_rail_package_assistant/sl_flex_rail_package_assistant.o
                0x00002794                set_print_packet_info
 .text.unpack_packet
                0x000027a0       0x5c ./gecko_sdk_4.3.1/app/flex/component/rail/sl_flex_rail_package_assistant/sl_flex_rail_package_assistant.o
                0x000027a0                unpack_packet
 .text.prepare_package
                0x000027fc       0xa4 ./gecko_sdk_4.3.1/app/flex/component/rail/sl_flex_rail_package_assistant/sl_flex_rail_package_assistant.o
                0x000027fc                prepare_package
 .text.printf_rx_packet
                0x000028a0       0xec ./gecko_sdk_4.3.1/app/flex/component/rail/sl_flex_rail_package_assistant/sl_flex_rail_package_assistant.o
                0x000028a0                printf_rx_packet
 .text.cli_get_print_package_info
                0x0000298c       0x40 ./gecko_sdk_4.3.1/app/flex/component/rail/sl_flex_rail_package_assistant/sl_flex_rail_package_assistant_cli.o
                0x0000298c                cli_get_print_package_info
 .text.cli_set_print_package_info
                0x000029cc       0x58 ./gecko_sdk_4.3.1/app/flex/component/rail/sl_flex_rail_package_assistant/sl_flex_rail_package_assistant_cli.o
                0x000029cc                cli_set_print_package_info
 .text.sli_cos_pti_write
                0x00002a24       0x28 ./gecko_sdk_4.3.1/hardware/driver/configuration_over_swo/src/sl_cos.o
 .text.sli_memlcd_spi_init
                0x00002a4c       0xbc ./gecko_sdk_4.3.1/hardware/driver/memlcd/src/memlcd_usart/sl_memlcd_spi.o
                0x00002a4c                sli_memlcd_spi_init
 .text.extcomin_toggle
                0x00002b08        0xc ./gecko_sdk_4.3.1/hardware/driver/memlcd/src/sl_memlcd.o
 .text.sl_memlcd_power_on
                0x00002b14       0x38 ./gecko_sdk_4.3.1/hardware/driver/memlcd/src/sl_memlcd.o
                0x00002b14                sl_memlcd_power_on
 .text.sl_memlcd_clear
                0x00002b4c       0x4c ./gecko_sdk_4.3.1/hardware/driver/memlcd/src/sl_memlcd.o
                0x00002b4c                sl_memlcd_clear
 .text.sl_memlcd_configure
                0x00002b98       0x60 ./gecko_sdk_4.3.1/hardware/driver/memlcd/src/sl_memlcd.o
                0x00002b98                sl_memlcd_configure
 .text.sl_memlcd_draw
                0x00002bf8       0xbc ./gecko_sdk_4.3.1/hardware/driver/memlcd/src/sl_memlcd.o
                0x00002bf8                sl_memlcd_draw
 .text.sl_memlcd_get
                0x00002cb4       0x18 ./gecko_sdk_4.3.1/hardware/driver/memlcd/src/sl_memlcd.o
                0x00002cb4                sl_memlcd_get
 .text.sl_memlcd_init
                0x00002ccc       0x24 ./gecko_sdk_4.3.1/hardware/driver/memlcd/src/sl_memlcd_display.o
                0x00002ccc                sl_memlcd_init
 .text.cs_low   0x00002cf0        0xc ./gecko_sdk_4.3.1/hardware/driver/mx25_flash_shutdown/src/sl_mx25_flash_shutdown_usart/sl_mx25_flash_shutdown.o
 .text.cs_high  0x00002cfc        0xc ./gecko_sdk_4.3.1/hardware/driver/mx25_flash_shutdown/src/sl_mx25_flash_shutdown_usart/sl_mx25_flash_shutdown.o
 .text.sl_mx25_flash_shutdown
                0x00002d08      0x114 ./gecko_sdk_4.3.1/hardware/driver/mx25_flash_shutdown/src/sl_mx25_flash_shutdown_usart/sl_mx25_flash_shutdown.o
                0x00002d08                sl_mx25_flash_shutdown
 .text.Reset_Handler
                0x00002e1c       0x60 ./gecko_sdk_4.3.1/platform/Device/SiliconLabs/EFR32MG22/Source/startup_efr32mg22.o
                0x00002e1c                Reset_Handler
 .text.SystemInit
                0x00002e7c       0x68 ./gecko_sdk_4.3.1/platform/Device/SiliconLabs/EFR32MG22/Source/system_efr32mg22.o
                0x00002e7c                SystemInit
 .text.SystemHFRCODPLLClockGet
                0x00002ee4        0xc ./gecko_sdk_4.3.1/platform/Device/SiliconLabs/EFR32MG22/Source/system_efr32mg22.o
                0x00002ee4                SystemHFRCODPLLClockGet
 .text.SystemSYSCLKGet
                0x00002ef0       0x34 ./gecko_sdk_4.3.1/platform/Device/SiliconLabs/EFR32MG22/Source/system_efr32mg22.o
                0x00002ef0                SystemSYSCLKGet
 .text.SystemHCLKGet
                0x00002f24       0x24 ./gecko_sdk_4.3.1/platform/Device/SiliconLabs/EFR32MG22/Source/system_efr32mg22.o
                0x00002f24                SystemHCLKGet
 .text.SystemMaxCoreClockGet
                0x00002f48        0x8 ./gecko_sdk_4.3.1/platform/Device/SiliconLabs/EFR32MG22/Source/system_efr32mg22.o
                0x00002f48                SystemMaxCoreClockGet
 .text.SystemHFXOClockGet
                0x00002f50        0xc ./gecko_sdk_4.3.1/platform/Device/SiliconLabs/EFR32MG22/Source/system_efr32mg22.o
                0x00002f50                SystemHFXOClockGet
 .text.SystemHFXOClockSet
                0x00002f5c       0x24 ./gecko_sdk_4.3.1/platform/Device/SiliconLabs/EFR32MG22/Source/system_efr32mg22.o
                0x00002f5c                SystemHFXOClockSet
 .text.SystemFSRCOClockGet
                0x00002f80        0x8 ./gecko_sdk_4.3.1/platform/Device/SiliconLabs/EFR32MG22/Source/system_efr32mg22.o
                0x00002f80                SystemFSRCOClockGet
 .text.SystemLFXOClockGet
                0x00002f88        0xc ./gecko_sdk_4.3.1/platform/Device/SiliconLabs/EFR32MG22/Source/system_efr32mg22.o
                0x00002f88                SystemLFXOClockGet
 .text.sl_strcasecmp
                0x00002f94       0x54 ./gecko_sdk_4.3.1/platform/common/src/sl_string.o
                0x00002f94                sl_strcasecmp
 .text._sbrk    0x00002fe8       0x24 ./gecko_sdk_4.3.1/platform/common/toolchain/src/sl_memory.o
                0x00002fe8                _sbrk
 .text.sli_simple_button_on_change
                0x0000300c       0x38 ./gecko_sdk_4.3.1/platform/driver/button/src/sl_simple_button.o
 .text.sl_simple_button_init
                0x00003044       0x6c ./gecko_sdk_4.3.1/platform/driver/button/src/sl_simple_button.o
                0x00003044                sl_simple_button_init
 .text.sl_simple_button_poll_step
                0x000030b0       0x64 ./gecko_sdk_4.3.1/platform/driver/button/src/sl_simple_button.o
                0x000030b0                sl_simple_button_poll_step
 .text.sl_debug_swo_init
                0x00003114       0xc4 ./gecko_sdk_4.3.1/platform/driver/debug/src/sl_debug_swo.o
                0x00003114                sl_debug_swo_init
 .text.sl_debug_swo_write_u8
                0x000031d8       0x50 ./gecko_sdk_4.3.1/platform/driver/debug/src/sl_debug_swo.o
                0x000031d8                sl_debug_swo_write_u8
 .text.sl_simple_led_get_state
                0x00003228       0x2c ./gecko_sdk_4.3.1/platform/driver/leddrv/src/sl_simple_led.o
                0x00003228                sl_simple_led_get_state
 .text.StartTransfer
                0x00003254      0x1c0 ./gecko_sdk_4.3.1/platform/emdrv/dmadrv/src/dmadrv.o
 .text.DMADRV_AllocateChannel
                0x00003414       0x64 ./gecko_sdk_4.3.1/platform/emdrv/dmadrv/src/dmadrv.o
                0x00003414                DMADRV_AllocateChannel
 .text.DMADRV_DeInit
                0x00003478       0x4c ./gecko_sdk_4.3.1/platform/emdrv/dmadrv/src/dmadrv.o
                0x00003478                DMADRV_DeInit
 .text.DMADRV_FreeChannel
                0x000034c4       0x54 ./gecko_sdk_4.3.1/platform/emdrv/dmadrv/src/dmadrv.o
                0x000034c4                DMADRV_FreeChannel
 .text.DMADRV_Init
                0x00003518       0x64 ./gecko_sdk_4.3.1/platform/emdrv/dmadrv/src/dmadrv.o
                0x00003518                DMADRV_Init
 .text.DMADRV_PauseTransfer
                0x0000357c       0x40 ./gecko_sdk_4.3.1/platform/emdrv/dmadrv/src/dmadrv.o
                0x0000357c                DMADRV_PauseTransfer
 .text.DMADRV_ResumeTransfer
                0x000035bc       0x40 ./gecko_sdk_4.3.1/platform/emdrv/dmadrv/src/dmadrv.o
                0x000035bc                DMADRV_ResumeTransfer
 .text.DMADRV_StopTransfer
                0x000035fc       0x40 ./gecko_sdk_4.3.1/platform/emdrv/dmadrv/src/dmadrv.o
                0x000035fc                DMADRV_StopTransfer
 .text.DMADRV_TransferCompletePending
                0x0000363c       0x58 ./gecko_sdk_4.3.1/platform/emdrv/dmadrv/src/dmadrv.o
                0x0000363c                DMADRV_TransferCompletePending
 .text.DMADRV_TransferDone
                0x00003694       0x48 ./gecko_sdk_4.3.1/platform/emdrv/dmadrv/src/dmadrv.o
                0x00003694                DMADRV_TransferDone
 .text.LDMA_IRQHandler
                0x000036dc       0x78 ./gecko_sdk_4.3.1/platform/emdrv/dmadrv/src/dmadrv.o
                0x000036dc                LDMA_IRQHandler
 .text.GPIOINT_IRQDispatcher
                0x00003754       0x4c ./gecko_sdk_4.3.1/platform/emdrv/gpiointerrupt/src/gpiointerrupt.o
 .text.GPIOINT_Init
                0x000037a0       0x30 ./gecko_sdk_4.3.1/platform/emdrv/gpiointerrupt/src/gpiointerrupt.o
                0x000037a0                GPIOINT_Init
 .text.GPIOINT_CallbackRegister
                0x000037d0       0x20 ./gecko_sdk_4.3.1/platform/emdrv/gpiointerrupt/src/gpiointerrupt.o
                0x000037d0                GPIOINT_CallbackRegister
 .text.GPIOINT_CallbackRegisterExt
                0x000037f0       0x5c ./gecko_sdk_4.3.1/platform/emdrv/gpiointerrupt/src/gpiointerrupt.o
                0x000037f0                GPIOINT_CallbackRegisterExt
 .text.GPIO_EVEN_IRQHandler
                0x0000384c       0x28 ./gecko_sdk_4.3.1/platform/emdrv/gpiointerrupt/src/gpiointerrupt.o
                0x0000384c                GPIO_EVEN_IRQHandler
 .text.GPIO_ODD_IRQHandler
                0x00003874       0x28 ./gecko_sdk_4.3.1/platform/emdrv/gpiointerrupt/src/gpiointerrupt.o
                0x00003874                GPIO_ODD_IRQHandler
 .text.rhclkPrescMax
                0x0000389c       0x10 ./gecko_sdk_4.3.1/platform/emlib/src/em_cmu.o
 .text.em01GrpaClkGet
                0x000038ac       0x4c ./gecko_sdk_4.3.1/platform/emlib/src/em_cmu.o
 .text.iadcClkGet
                0x000038f8       0x48 ./gecko_sdk_4.3.1/platform/emlib/src/em_cmu.o
 .text.em01GrpbClkGet
                0x00003940       0x68 ./gecko_sdk_4.3.1/platform/emlib/src/em_cmu.o
 .text.dpllRefClkGet
                0x000039a8       0x4c ./gecko_sdk_4.3.1/platform/emlib/src/em_cmu.o
 .text.em23GrpaClkGet
                0x000039f4       0x4c ./gecko_sdk_4.3.1/platform/emlib/src/em_cmu.o
 .text.euart0ClkGet
                0x00003a40       0x34 ./gecko_sdk_4.3.1/platform/emlib/src/em_cmu.o
 .text.wdog0ClkGet
                0x00003a74       0x58 ./gecko_sdk_4.3.1/platform/emlib/src/em_cmu.o
 .text.rtccClkGet
                0x00003acc       0x48 ./gecko_sdk_4.3.1/platform/emlib/src/em_cmu.o
 .text.em4GrpaClkGet
                0x00003b14       0x4c ./gecko_sdk_4.3.1/platform/emlib/src/em_cmu.o
 .text.CMU_ClockDivGet
                0x00003b60       0x5c ./gecko_sdk_4.3.1/platform/emlib/src/em_cmu.o
                0x00003b60                CMU_ClockDivGet
 .text.flashWaitStateControl
                0x00003bbc       0x70 ./gecko_sdk_4.3.1/platform/emlib/src/em_cmu.o
 .text.CMU_ClockEnable
                0x00003c2c       0x40 ./gecko_sdk_4.3.1/platform/emlib/src/em_cmu.o
                0x00003c2c                CMU_ClockEnable
 .text.rhclkPrescOptimize
                0x00003c6c       0x20 ./gecko_sdk_4.3.1/platform/emlib/src/em_cmu.o
 .text.CMU_ClockSelectGet
                0x00003c8c      0x134 ./gecko_sdk_4.3.1/platform/emlib/src/em_cmu.o
                0x00003c8c                CMU_ClockSelectGet
 .text.sli_em_cmu_HFXOSetForceEnable
                0x00003dc0       0x18 ./gecko_sdk_4.3.1/platform/emlib/src/em_cmu.o
                0x00003dc0                sli_em_cmu_HFXOSetForceEnable
 .text.CMU_HFXOInit
                0x00003dd8      0x160 ./gecko_sdk_4.3.1/platform/emlib/src/em_cmu.o
                0x00003dd8                CMU_HFXOInit
 .text.CMU_HFXOCTuneDeltaGet
                0x00003f38        0xc ./gecko_sdk_4.3.1/platform/emlib/src/em_cmu.o
                0x00003f38                CMU_HFXOCTuneDeltaGet
 .text.CMU_LFXOInit
                0x00003f44       0x88 ./gecko_sdk_4.3.1/platform/emlib/src/em_cmu.o
                0x00003f44                CMU_LFXOInit
 .text.CMU_LFXOPrecisionSet
                0x00003fcc        0xc ./gecko_sdk_4.3.1/platform/emlib/src/em_cmu.o
                0x00003fcc                CMU_LFXOPrecisionSet
 .text.CMU_HFXOPrecisionSet
                0x00003fd8        0xc ./gecko_sdk_4.3.1/platform/emlib/src/em_cmu.o
                0x00003fd8                CMU_HFXOPrecisionSet
 .text.CMU_ClockDivSet
                0x00003fe4       0xb4 ./gecko_sdk_4.3.1/platform/emlib/src/em_cmu.o
                0x00003fe4                CMU_ClockDivSet
 .text.pclkDivOptimize
                0x00004098       0x24 ./gecko_sdk_4.3.1/platform/emlib/src/em_cmu.o
 .text.sli_em_cmu_SYSCLKInitPostClockSelect
                0x000040bc       0x3c ./gecko_sdk_4.3.1/platform/emlib/src/em_cmu.o
                0x000040bc                sli_em_cmu_SYSCLKInitPostClockSelect
 .text.CORE_NvicIRQDisabled
                0x000040f8       0x20 ./gecko_sdk_4.3.1/platform/emlib/src/em_core.o
                0x000040f8                CORE_NvicIRQDisabled
 .text.EMU_EM4Init
                0x00004118       0x14 ./gecko_sdk_4.3.1/platform/emlib/src/em_emu.o
                0x00004118                EMU_EM4Init
 .text.EMU_VScaleEM01
                0x0000412c       0x8c ./gecko_sdk_4.3.1/platform/emlib/src/em_emu.o
                0x0000412c                EMU_VScaleEM01
 .text.EMU_VScaleEM01ByClock
                0x000041b8       0x38 ./gecko_sdk_4.3.1/platform/emlib/src/em_emu.o
                0x000041b8                EMU_VScaleEM01ByClock
 .text.EMU_DCDCModeSet
                0x000041f0       0xd8 ./gecko_sdk_4.3.1/platform/emlib/src/em_emu.o
                0x000041f0                EMU_DCDCModeSet
 .text.EMU_DCDCInit
                0x000042c8       0x80 ./gecko_sdk_4.3.1/platform/emlib/src/em_emu.o
                0x000042c8                EMU_DCDCInit
 .text.EUSART_ClockGet
                0x00004348       0x14 ./gecko_sdk_4.3.1/platform/emlib/src/em_eusart.o
 .text.EUSART_Reset
                0x0000435c       0x68 ./gecko_sdk_4.3.1/platform/emlib/src/em_eusart.o
                0x0000435c                EUSART_Reset
 .text.EUSART_BaudrateSet
                0x000043c4       0x70 ./gecko_sdk_4.3.1/platform/emlib/src/em_eusart.o
                0x000043c4                EUSART_BaudrateSet
 .text.EUSART_AsyncInitCommon
                0x00004434      0x18c ./gecko_sdk_4.3.1/platform/emlib/src/em_eusart.o
 .text.GPIO_ExtIntConfig
                0x000045c0      0x128 ./gecko_sdk_4.3.1/platform/emlib/src/em_gpio.o
                0x000045c0                GPIO_ExtIntConfig
 .text.GPIO_PinModeSet
                0x000046e8      0x100 ./gecko_sdk_4.3.1/platform/emlib/src/em_gpio.o
                0x000046e8                GPIO_PinModeSet
 .text.LDMA_DeInit
                0x000047e8       0x3c ./gecko_sdk_4.3.1/platform/emlib/src/em_ldma.o
                0x000047e8                LDMA_DeInit
 .text.LDMA_EnableChannelRequest
                0x00004824       0x1c ./gecko_sdk_4.3.1/platform/emlib/src/em_ldma.o
                0x00004824                LDMA_EnableChannelRequest
 .text.LDMA_Init
                0x00004840       0x64 ./gecko_sdk_4.3.1/platform/emlib/src/em_ldma.o
                0x00004840                LDMA_Init
 .text.LDMA_StartTransfer
                0x000048a4       0x90 ./gecko_sdk_4.3.1/platform/emlib/src/em_ldma.o
                0x000048a4                LDMA_StartTransfer
 .text.LDMA_StopTransfer
                0x00004934       0x24 ./gecko_sdk_4.3.1/platform/emlib/src/em_ldma.o
                0x00004934                LDMA_StopTransfer
 .text.LDMA_TransferDone
                0x00004958       0x34 ./gecko_sdk_4.3.1/platform/emlib/src/em_ldma.o
                0x00004958                LDMA_TransferDone
 .text.RTCC_ChannelInit
                0x0000498c       0x38 ./gecko_sdk_4.3.1/platform/emlib/src/em_rtcc.o
                0x0000498c                RTCC_ChannelInit
 .text.RTCC_Enable
                0x000049c4       0x88 ./gecko_sdk_4.3.1/platform/emlib/src/em_rtcc.o
                0x000049c4                RTCC_Enable
 .text.RTCC_Init
                0x00004a4c       0x74 ./gecko_sdk_4.3.1/platform/emlib/src/em_rtcc.o
                0x00004a4c                RTCC_Init
 .text.SYSTEM_ChipRevisionGet
                0x00004ac0       0x24 ./gecko_sdk_4.3.1/platform/emlib/src/em_system.o
                0x00004ac0                SYSTEM_ChipRevisionGet
 .text.SYSTEM_GetUnique
                0x00004ae4        0xc ./gecko_sdk_4.3.1/platform/emlib/src/em_system.o
                0x00004ae4                SYSTEM_GetUnique
 .text.SYSTEM_GetProdRev
                0x00004af0       0x10 ./gecko_sdk_4.3.1/platform/emlib/src/em_system.o
                0x00004af0                SYSTEM_GetProdRev
 .text.prsRxInput
                0x00004b00       0x34 ./gecko_sdk_4.3.1/platform/emlib/src/em_usart.o
 .text.USART_Reset
                0x00004b34       0x60 ./gecko_sdk_4.3.1/platform/emlib/src/em_usart.o
                0x00004b34                USART_Reset
 .text.setLineDirty
                0x00004b94       0x20 ./gecko_sdk_4.3.1/platform/middleware/glib/dmd/display/dmd_memlcd.o
 .text.DMD_getDisplayGeometry
                0x00004bb4       0x1c ./gecko_sdk_4.3.1/platform/middleware/glib/dmd/display/dmd_memlcd.o
                0x00004bb4                DMD_getDisplayGeometry
 .text.DMD_setClippingArea
                0x00004bd0       0x54 ./gecko_sdk_4.3.1/platform/middleware/glib/dmd/display/dmd_memlcd.o
                0x00004bd0                DMD_setClippingArea
 .text.DMD_writeColor
                0x00004c24      0x134 ./gecko_sdk_4.3.1/platform/middleware/glib/dmd/display/dmd_memlcd.o
                0x00004c24                DMD_writeColor
 .text.DMD_init
                0x00004d58       0x5c ./gecko_sdk_4.3.1/platform/middleware/glib/dmd/display/dmd_memlcd.o
                0x00004d58                DMD_init
 .text.DMD_updateDisplay
                0x00004db4       0x80 ./gecko_sdk_4.3.1/platform/middleware/glib/dmd/display/dmd_memlcd.o
                0x00004db4                DMD_updateDisplay
 .text.GLIB_contextInit
                0x00004e34       0x58 ./gecko_sdk_4.3.1/platform/middleware/glib/glib/glib.o
                0x00004e34                GLIB_contextInit
 .text.RAIL_InitTxPowerCurvesAlt
                0x00004e8c       0x24 ./gecko_sdk_4.3.1/platform/radio/rail_lib/plugin/pa-conversions/pa_conversions_efr32.o
                0x00004e8c                RAIL_InitTxPowerCurvesAlt
 .text.RAIL_ConvertDbmToRaw
                0x00004eb0      0x114 ./gecko_sdk_4.3.1/platform/radio/rail_lib/plugin/pa-conversions/pa_conversions_efr32.o
                0x00004eb0                RAIL_ConvertDbmToRaw
 .text.RAIL_ConvertRawToDbm
                0x00004fc4       0xf0 ./gecko_sdk_4.3.1/platform/radio/rail_lib/plugin/pa-conversions/pa_conversions_efr32.o
                0x00004fc4                RAIL_ConvertRawToDbm
 .text.sl_rail_util_pa_init
                0x000050b4       0x14 ./gecko_sdk_4.3.1/platform/radio/rail_lib/plugin/pa-conversions/pa_conversions_efr32.o
                0x000050b4                sl_rail_util_pa_init
 .text.sl_rail_util_pa_on_channel_config_change
                0x000050c8       0x58 ./gecko_sdk_4.3.1/platform/radio/rail_lib/plugin/pa-conversions/pa_conversions_efr32.o
                0x000050c8                sl_rail_util_pa_on_channel_config_change
 .text.sl_rail_util_pti_init
                0x00005120       0x44 ./gecko_sdk_4.3.1/platform/radio/rail_lib/plugin/rail_util_pti/sl_rail_util_pti.o
                0x00005120                sl_rail_util_pti_init
 .text.status_to_string
                0x00005164       0x70 ./gecko_sdk_4.3.1/platform/service/cli/src/sl_cli.o
 .text.sl_cli_clear
                0x000051d4       0x30 ./gecko_sdk_4.3.1/platform/service/cli/src/sl_cli.o
                0x000051d4                sl_cli_clear
 .text.sl_cli_handle_input
                0x00005204       0x38 ./gecko_sdk_4.3.1/platform/service/cli/src/sl_cli.o
                0x00005204                sl_cli_handle_input
 .text.sli_cli_tick
                0x0000523c       0xa8 ./gecko_sdk_4.3.1/platform/service/cli/src/sl_cli.o
                0x0000523c                sli_cli_tick
 .text.sli_cli_arguments_validate_uint
                0x000052e4       0xfc ./gecko_sdk_4.3.1/platform/service/cli/src/sl_cli_arguments.o
                0x000052e4                sli_cli_arguments_validate_uint
 .text.sli_cli_arguments_validate_hex_string
                0x000053e0       0x50 ./gecko_sdk_4.3.1/platform/service/cli/src/sl_cli_arguments.o
                0x000053e0                sli_cli_arguments_validate_hex_string
 .text.get_arg_type_string
                0x00005430       0xe4 ./gecko_sdk_4.3.1/platform/service/cli/src/sl_cli_command.o
 .text.print_and_pad
                0x00005514       0x28 ./gecko_sdk_4.3.1/platform/service/cli/src/sl_cli_command.o
 .text.cmd_help_command
                0x0000553c       0xf0 ./gecko_sdk_4.3.1/platform/service/cli/src/sl_cli_command.o
 .text.sl_cli_command_find_matches
                0x0000562c      0x1bc ./gecko_sdk_4.3.1/platform/service/cli/src/sl_cli_command.o
                0x0000562c                sl_cli_command_find_matches
 .text.sl_cli_command_find
                0x000057e8       0x8c ./gecko_sdk_4.3.1/platform/service/cli/src/sl_cli_command.o
                0x000057e8                sl_cli_command_find
 .text.sl_cli_input_autocomplete
                0x00005874      0x1c8 ./gecko_sdk_4.3.1/platform/service/cli/src/sl_cli_input.o
                0x00005874                sl_cli_input_autocomplete
 .text.sl_cli_input_char
                0x00005a3c      0x234 ./gecko_sdk_4.3.1/platform/service/cli/src/sl_cli_input.o
                0x00005a3c                sl_cli_input_char
 .text.sl_device_init_dcdc
                0x00005c70       0x24 ./gecko_sdk_4.3.1/platform/service/device_init/src/sl_device_init_dcdc_s2.o
                0x00005c70                sl_device_init_dcdc
 .text.sl_device_init_emu
                0x00005c94       0x28 ./gecko_sdk_4.3.1/platform/service/device_init/src/sl_device_init_emu_s2.o
                0x00005c94                sl_device_init_emu
 .text.sl_device_init_hfxo
                0x00005cbc       0x94 ./gecko_sdk_4.3.1/platform/service/device_init/src/sl_device_init_hfxo_s2.o
                0x00005cbc                sl_device_init_hfxo
 .text.sl_device_init_lfxo
                0x00005d50       0x34 ./gecko_sdk_4.3.1/platform/service/device_init/src/sl_device_init_lfxo_s2.o
                0x00005d50                sl_device_init_lfxo
 .text.sl_device_init_nvic
                0x00005d84       0x38 ./gecko_sdk_4.3.1/platform/service/device_init/src/sl_device_init_nvic.o
                0x00005d84                sl_device_init_nvic
 .text.sl_iostream_set_default
                0x00005dbc       0x18 ./gecko_sdk_4.3.1/platform/service/iostream/src/sl_iostream.o
                0x00005dbc                sl_iostream_set_default
 .text.sl_iostream_get_default
                0x00005dd4       0x18 ./gecko_sdk_4.3.1/platform/service/iostream/src/sl_iostream.o
                0x00005dd4                sl_iostream_get_default
 .text.sl_iostream_vprintf
                0x00005dec       0x2c ./gecko_sdk_4.3.1/platform/service/iostream/src/sl_iostream.o
                0x00005dec                sl_iostream_vprintf
 .text.sl_iostream_eusart_init
                0x00005e18      0x1e4 ./gecko_sdk_4.3.1/platform/service/iostream/src/sl_iostream_eusart.o
                0x00005e18                sl_iostream_eusart_init
 .text.sl_iostream_stdlib_disable_buffering
                0x00005ffc       0x18 ./gecko_sdk_4.3.1/platform/service/iostream/src/sl_iostream_stdlib_config.o
                0x00005ffc                sl_iostream_stdlib_disable_buffering
 .text.dma_irq_handler
                0x00006014       0x78 ./gecko_sdk_4.3.1/platform/service/iostream/src/sl_iostream_uart.o
 .text.uart_deinit
                0x0000608c       0x7c ./gecko_sdk_4.3.1/platform/service/iostream/src/sl_iostream_uart.o
 .text.update_ring_buffer
                0x00006108       0xa4 ./gecko_sdk_4.3.1/platform/service/iostream/src/sl_iostream_uart.o
 .text.sli_iostream_uart_context_init
                0x000061ac      0x114 ./gecko_sdk_4.3.1/platform/service/iostream/src/sl_iostream_uart.o
                0x000061ac                sli_iostream_uart_context_init
 .text.sl_mpu_disable_execute_from_ram
                0x000062c0       0xd0 ./gecko_sdk_4.3.1/platform/service/mpu/src/sl_mpu.o
                0x000062c0                sl_mpu_disable_execute_from_ram
 .text.mpu_fault_handler
                0x00006390       0x24 ./gecko_sdk_4.3.1/platform/service/mpu/src/sl_mpu.o
                0x00006390                mpu_fault_handler
 .text.delta_list_insert_timer
                0x000063b4       0x4c ./gecko_sdk_4.3.1/platform/service/sleeptimer/src/sl_sleeptimer.o
 .text.delta_list_remove_timer
                0x00006400       0x40 ./gecko_sdk_4.3.1/platform/service/sleeptimer/src/sl_sleeptimer.o
 .text.update_next_timer_to_expire_is_power_manager
                0x00006440       0x34 ./gecko_sdk_4.3.1/platform/service/sleeptimer/src/sl_sleeptimer.o
 .text.update_delta_list
                0x00006474       0x3c ./gecko_sdk_4.3.1/platform/service/sleeptimer/src/sl_sleeptimer.o
 .text.set_comparator_for_next_timer
                0x000064b0       0x38 ./gecko_sdk_4.3.1/platform/service/sleeptimer/src/sl_sleeptimer.o
 .text.create_timer
                0x000064e8       0x78 ./gecko_sdk_4.3.1/platform/service/sleeptimer/src/sl_sleeptimer.o
 .text.sl_sleeptimer_init
                0x00006560       0x78 ./gecko_sdk_4.3.1/platform/service/sleeptimer/src/sl_sleeptimer.o
                0x00006560                sl_sleeptimer_init
 .text.sl_sleeptimer_stop_timer
                0x000065d8       0x60 ./gecko_sdk_4.3.1/platform/service/sleeptimer/src/sl_sleeptimer.o
                0x000065d8                sl_sleeptimer_stop_timer
 .text.sl_sleeptimer_get_timer_frequency
                0x00006638        0xc ./gecko_sdk_4.3.1/platform/service/sleeptimer/src/sl_sleeptimer.o
                0x00006638                sl_sleeptimer_get_timer_frequency
 .text.process_timer_irq
                0x00006644      0x14c ./gecko_sdk_4.3.1/platform/service/sleeptimer/src/sl_sleeptimer.o
                0x00006644                process_timer_irq
 .text.sleeptimer_hal_init_timer
                0x00006790       0x8c ./gecko_sdk_4.3.1/platform/service/sleeptimer/src/sl_sleeptimer_hal_rtcc.o
                0x00006790                sleeptimer_hal_init_timer
 .text.sleeptimer_hal_set_compare
                0x0000681c       0x6c ./gecko_sdk_4.3.1/platform/service/sleeptimer/src/sl_sleeptimer_hal_rtcc.o
                0x0000681c                sleeptimer_hal_set_compare
 .text.sleeptimer_hal_disable_int
                0x00006888       0x3c ./gecko_sdk_4.3.1/platform/service/sleeptimer/src/sl_sleeptimer_hal_rtcc.o
                0x00006888                sleeptimer_hal_disable_int
 .text.sleeptimer_hal_set_int
                0x000068c4       0x14 ./gecko_sdk_4.3.1/platform/service/sleeptimer/src/sl_sleeptimer_hal_rtcc.o
                0x000068c4                sleeptimer_hal_set_int
 .text.RTCC_IRQHandler
                0x000068d8       0x3c ./gecko_sdk_4.3.1/platform/service/sleeptimer/src/sl_sleeptimer_hal_rtcc.o
                0x000068d8                RTCC_IRQHandler
 .text.sl_udelay_wait
                0x00006914       0x54 ./gecko_sdk_4.3.1/platform/service/udelay/src/sl_udelay.o
                0x00006914                sl_udelay_wait
 .text._vsnprintf
                0x00006968      0x680 ./gecko_sdk_4.3.1/util/third_party/printf/printf.o
 .text.snprintf
                0x00006fe8       0x28 ./gecko_sdk_4.3.1/util/third_party/printf/printf.o
                0x00006fe8                sniprintf
                0x00006fe8                snprintf
 .text.vprintf  0x00007010       0x20 ./gecko_sdk_4.3.1/util/third_party/printf/printf.o
                0x00007010                vprintf
 .text.vfctprintf
                0x00007030       0x24 ./gecko_sdk_4.3.1/util/third_party/printf/printf.o
                0x00007030                vfctprintf
 .text.RAILINT_813dcaad6866f2821b51b623b01c96aa
                0x00007054       0x18 C:/Users/user/SimplicityStudio/SDKs/gecko_sdk_2//platform/radio/rail_lib/autogen/librail_release/librail_efr32xg22_gcc_release.a(rail_singleprotocol.o)
 .text.RAIL_Init
                0x0000706c       0x4c C:/Users/user/SimplicityStudio/SDKs/gecko_sdk_2//platform/radio/rail_lib/autogen/librail_release/librail_efr32xg22_gcc_release.a(rail_singleprotocol.o)
                0x0000706c                RAIL_Init
 .text.RAIL_IsInitialized
                0x000070b8       0x10 C:/Users/user/SimplicityStudio/SDKs/gecko_sdk_2//platform/radio/rail_lib/autogen/librail_release/librail_efr32xg22_gcc_release.a(rail_singleprotocol.o)
                0x000070b8                RAIL_IsInitialized
 .text.RAIL_StartTx
                0x000070c8       0x1c C:/Users/user/SimplicityStudio/SDKs/gecko_sdk_2//platform/radio/rail_lib/autogen/librail_release/librail_efr32xg22_gcc_release.a(rail_singleprotocol.o)
                0x000070c8                RAIL_StartTx
 .text.RAIL_StartRx
                0x000070e4       0x1c C:/Users/user/SimplicityStudio/SDKs/gecko_sdk_2//platform/radio/rail_lib/autogen/librail_release/librail_efr32xg22_gcc_release.a(rail_singleprotocol.o)
                0x000070e4                RAIL_StartRx
 .text.RAILINT_ba62dd308ed15b1ffe7bd5b874af6d40
                0x00007100       0x1c C:/Users/user/SimplicityStudio/SDKs/gecko_sdk_2//platform/radio/rail_lib/autogen/librail_release/librail_efr32xg22_gcc_release.a(rail_rf.o)
 .text.RAILINT_0ca222f7a680788c307a2bad1be33ff3
                0x0000711c       0x48 C:/Users/user/SimplicityStudio/SDKs/gecko_sdk_2//platform/radio/rail_lib/autogen/librail_release/librail_efr32xg22_gcc_release.a(rail_rf.o)
                0x0000711c                RAILINT_0ca222f7a680788c307a2bad1be33ff3
 .text.RAILINT_b352de1fdb1fc52c04c6a0cd55987236
                0x00007164       0x50 C:/Users/user/SimplicityStudio/SDKs/gecko_sdk_2//platform/radio/rail_lib/autogen/librail_release/librail_efr32xg22_gcc_release.a(rail_rf.o)
                0x00007164                RAILINT_b352de1fdb1fc52c04c6a0cd55987236
 .text.RAILINT_ae1c971823300cdc95a697ee27859a7c
                0x000071b4       0x24 C:/Users/user/SimplicityStudio/SDKs/gecko_sdk_2//platform/radio/rail_lib/autogen/librail_release/librail_efr32xg22_gcc_release.a(rail_rf.o)
                0x000071b4                RAILINT_ae1c971823300cdc95a697ee27859a7c
 .text.RAILINT_499a6fa84e713dbcc15223a1179c1579
                0x000071d8       0x24 C:/Users/user/SimplicityStudio/SDKs/gecko_sdk_2//platform/radio/rail_lib/autogen/librail_release/librail_efr32xg22_gcc_release.a(rail_rf.o)
                0x000071d8                RAILINT_499a6fa84e713dbcc15223a1179c1579
 .text.RAIL_SetStateTiming
                0x000071fc       0x5c C:/Users/user/SimplicityStudio/SDKs/gecko_sdk_2//platform/radio/rail_lib/autogen/librail_release/librail_efr32xg22_gcc_release.a(rail_rf.o)
                0x000071fc                RAIL_SetStateTiming
 .text.RAILINT_a414401b72e85e008bc59287e035ef41
                0x00007258      0x110 C:/Users/user/SimplicityStudio/SDKs/gecko_sdk_2//platform/radio/rail_lib/autogen/librail_release/librail_efr32xg22_gcc_release.a(rail_rf.o)
                0x00007258                RAILINT_a414401b72e85e008bc59287e035ef41
 .text.RAILINT_684016f138c60d164ac39020071a1b73
                0x00007368       0xa4 C:/Users/user/SimplicityStudio/SDKs/gecko_sdk_2//platform/radio/rail_lib/autogen/librail_release/librail_efr32xg22_gcc_release.a(rail_rf.o)
                0x00007368                RAILINT_684016f138c60d164ac39020071a1b73
 .text.RAILINT_eff06dff73e0f32be1552c4011c2dec9
                0x0000740c      0x144 C:/Users/user/SimplicityStudio/SDKs/gecko_sdk_2//platform/radio/rail_lib/autogen/librail_release/librail_efr32xg22_gcc_release.a(rail_rf.o)
                0x0000740c                RAILINT_eff06dff73e0f32be1552c4011c2dec9
 .text.RAILINT_f6dbb0a8d6338735e61b94958eb4964b
                0x00007550       0x3c C:/Users/user/SimplicityStudio/SDKs/gecko_sdk_2//platform/radio/rail_lib/autogen/librail_release/librail_efr32xg22_gcc_release.a(rail_rf.o)
                0x00007550                RAILINT_f6dbb0a8d6338735e61b94958eb4964b
 .text.RAIL_ConfigChannels
                0x0000758c       0x20 C:/Users/user/SimplicityStudio/SDKs/gecko_sdk_2//platform/radio/rail_lib/autogen/librail_release/librail_efr32xg22_gcc_release.a(rail_rf.o)
                0x0000758c                RAIL_ConfigChannels
 .text.RAIL_GetTxPowerDbm
                0x000075ac       0x2c C:/Users/user/SimplicityStudio/SDKs/gecko_sdk_2//platform/radio/rail_lib/autogen/librail_release/librail_efr32xg22_gcc_release.a(rail_tx.o)
                0x000075ac                RAIL_GetTxPowerDbm
 .text.RAILCb_SetupRxFifo
                0x000075d8       0x34 C:/Users/user/SimplicityStudio/SDKs/gecko_sdk_2//platform/radio/rail_lib/autogen/librail_release/librail_efr32xg22_gcc_release.a(rail_data.o)
                0x000075d8                RAILCb_SetupRxFifo
 .text.RAILINT_205167ae842e22724c3f35c6430eeddb
                0x0000760c       0x2c C:/Users/user/SimplicityStudio/SDKs/gecko_sdk_2//platform/radio/rail_lib/autogen/librail_release/librail_efr32xg22_gcc_release.a(rail_assert.o)
                0x0000760c                RAILINT_205167ae842e22724c3f35c6430eeddb
 .text.RAILINT_7ccc3c14971040883cbefc15a5cc66b4
                0x00007638       0x74 C:/Users/user/SimplicityStudio/SDKs/gecko_sdk_2//platform/radio/rail_lib/autogen/librail_release/librail_efr32xg22_gcc_release.a(rail_ieee802154.o)
 .text.RAIL_IEEE802154_Init
                0x000076ac       0x6c C:/Users/user/SimplicityStudio/SDKs/gecko_sdk_2//platform/radio/rail_lib/autogen/librail_release/librail_efr32xg22_gcc_release.a(rail_ieee802154.o)
                0x000076ac                RAIL_IEEE802154_Init
 .text.RAIL_IEEE802154_Config2p4GHzRadio
                0x00007718        0xc C:/Users/user/SimplicityStudio/SDKs/gecko_sdk_2//platform/radio/rail_lib/autogen/librail_release/librail_efr32xg22_gcc_release.a(rail_ieee802154.o)
                0x00007718                RAIL_IEEE802154_Config2p4GHzRadio
 .text.RAIL_IEEE802154_Config2p4GHzRadioAntDiv
                0x00007724        0xc C:/Users/user/SimplicityStudio/SDKs/gecko_sdk_2//platform/radio/rail_lib/autogen/librail_release/librail_efr32xg22_gcc_release.a(rail_ieee802154.o)
                0x00007724                RAIL_IEEE802154_Config2p4GHzRadioAntDiv
 .text.RAIL_IEEE802154_Config2p4GHzRadioAntDivCoex
                0x00007730        0xc C:/Users/user/SimplicityStudio/SDKs/gecko_sdk_2//platform/radio/rail_lib/autogen/librail_release/librail_efr32xg22_gcc_release.a(rail_ieee802154.o)
                0x00007730                RAIL_IEEE802154_Config2p4GHzRadioAntDivCoex
 .text.RAIL_IEEE802154_Config2p4GHzRadioCoex
                0x0000773c        0xc C:/Users/user/SimplicityStudio/SDKs/gecko_sdk_2//platform/radio/rail_lib/autogen/librail_release/librail_efr32xg22_gcc_release.a(rail_ieee802154.o)
                0x0000773c                RAIL_IEEE802154_Config2p4GHzRadioCoex
 .text.RAIL_BLE_ConfigPhyQuuppa
                0x00007748        0xc C:/Users/user/SimplicityStudio/SDKs/gecko_sdk_2//platform/radio/rail_lib/autogen/librail_release/librail_efr32xg22_gcc_release.a(rail_ble.o)
                0x00007748                RAIL_BLE_ConfigPhyQuuppa
 .text.RAIL_BLE_ConfigPhy1MbpsViterbi
                0x00007754        0xc C:/Users/user/SimplicityStudio/SDKs/gecko_sdk_2//platform/radio/rail_lib/autogen/librail_release/librail_efr32xg22_gcc_release.a(rail_ble.o)
                0x00007754                RAIL_BLE_ConfigPhy1MbpsViterbi
 .text.RAIL_BLE_ConfigPhy2MbpsViterbi
                0x00007760        0xc C:/Users/user/SimplicityStudio/SDKs/gecko_sdk_2//platform/radio/rail_lib/autogen/librail_release/librail_efr32xg22_gcc_release.a(rail_ble.o)
                0x00007760                RAIL_BLE_ConfigPhy2MbpsViterbi
 .text.RAILINT_57fa2c163b50cc6661e10e0e7662afb8
                0x0000776c       0x1c C:/Users/user/SimplicityStudio/SDKs/gecko_sdk_2//platform/radio/rail_lib/autogen/librail_release/librail_efr32xg22_gcc_release.a(rail_rf_hal.o)
 .text.RAILINT_cd2294a9b77625e0ea5276bdf2a90514
                0x00007788       0x38 C:/Users/user/SimplicityStudio/SDKs/gecko_sdk_2//platform/radio/rail_lib/autogen/librail_release/librail_efr32xg22_gcc_release.a(rail_rf_hal.o)
 .text.RAILINT_a06f36e75bf41143ad151f38401105ae
                0x000077c0       0x40 C:/Users/user/SimplicityStudio/SDKs/gecko_sdk_2//platform/radio/rail_lib/autogen/librail_release/librail_efr32xg22_gcc_release.a(rail_rf_hal.o)
 .text.RAILINT_02e31caf3f8d0fb9ac9f09c35501b4e4
                0x00007800       0x28 C:/Users/user/SimplicityStudio/SDKs/gecko_sdk_2//platform/radio/rail_lib/autogen/librail_release/librail_efr32xg22_gcc_release.a(rail_rf_hal.o)
                0x00007800                RAILINT_02e31caf3f8d0fb9ac9f09c35501b4e4
 .text.RAILINT_2c0c7ba0065447faa0ab7205349f5d73
                0x00007828      0x110 C:/Users/user/SimplicityStudio/SDKs/gecko_sdk_2//platform/radio/rail_lib/autogen/librail_release/librail_efr32xg22_gcc_release.a(rail_rf_hal.o)
                0x00007828                RAILINT_2c0c7ba0065447faa0ab7205349f5d73
 .text.RAILINT_2a4da4d01b26a7f90998f094ef0d126c
                0x00007938       0x84 C:/Users/user/SimplicityStudio/SDKs/gecko_sdk_2//platform/radio/rail_lib/autogen/librail_release/librail_efr32xg22_gcc_release.a(rail_rf_hal.o)
                0x00007938                RAILINT_2a4da4d01b26a7f90998f094ef0d126c
 .text.RAILINT_ee8e30d6c3ef95b8e8dca03da7401c07
                0x000079bc       0x20 C:/Users/user/SimplicityStudio/SDKs/gecko_sdk_2//platform/radio/rail_lib/autogen/librail_release/librail_efr32xg22_gcc_release.a(rail_rf_hal.o)
                0x000079bc                RAILINT_ee8e30d6c3ef95b8e8dca03da7401c07
 .text.RAILINT_4535ca1da65eed991e532282e16caa6e
                0x000079dc       0x10 C:/Users/user/SimplicityStudio/SDKs/gecko_sdk_2//platform/radio/rail_lib/autogen/librail_release/librail_efr32xg22_gcc_release.a(rail_rf_hal.o)
                0x000079dc                RAILINT_4535ca1da65eed991e532282e16caa6e
 .text.RAILINT_4775d80a8fe4d9976ce86a6ec19b0158
                0x000079ec       0x38 C:/Users/user/SimplicityStudio/SDKs/gecko_sdk_2//platform/radio/rail_lib/autogen/librail_release/librail_efr32xg22_gcc_release.a(rail_rf_hal.o)
                0x000079ec                RAILINT_4775d80a8fe4d9976ce86a6ec19b0158
 .text.RAILINT_788b3657c509a8fc304f09cc58d808a3
                0x00007a24        0xc C:/Users/user/SimplicityStudio/SDKs/gecko_sdk_2//platform/radio/rail_lib/autogen/librail_release/librail_efr32xg22_gcc_release.a(rail_rf_hal.o)
                0x00007a24                RAILINT_788b3657c509a8fc304f09cc58d808a3
 .text.RAILINT_afeea334a0413e3fba4d9024b9c8696e
                0x00007a30        0xc C:/Users/user/SimplicityStudio/SDKs/gecko_sdk_2//platform/radio/rail_lib/autogen/librail_release/librail_efr32xg22_gcc_release.a(rail_rf_hal.o)
                0x00007a30                RAILINT_afeea334a0413e3fba4d9024b9c8696e
 .text.RAILINT_99f0e717b1ae5f07aeace88464176fa9
                0x00007a3c       0xc8 C:/Users/user/SimplicityStudio/SDKs/gecko_sdk_2//platform/radio/rail_lib/autogen/librail_release/librail_efr32xg22_gcc_release.a(rail_rf_hal.o)
                0x00007a3c                RAILINT_99f0e717b1ae5f07aeace88464176fa9
 .text.RAILINT_0d8f3fe7fd5ea4a113463fb6490feb41
                0x00007b04       0x48 C:/Users/user/SimplicityStudio/SDKs/gecko_sdk_2//platform/radio/rail_lib/autogen/librail_release/librail_efr32xg22_gcc_release.a(rail_rf_hal.o)
                0x00007b04                RAILINT_0d8f3fe7fd5ea4a113463fb6490feb41
 .text.RAILINT_df21cd846fe2c2c767ed33585799c7e8
                0x00007b4c       0x4c C:/Users/user/SimplicityStudio/SDKs/gecko_sdk_2//platform/radio/rail_lib/autogen/librail_release/librail_efr32xg22_gcc_release.a(rail_rf_hal.o)
                0x00007b4c                RAILINT_df21cd846fe2c2c767ed33585799c7e8
 .text.RAILINT_d02596bebc40577addedcb0f3fcccabb
                0x00007b98       0x7c C:/Users/user/SimplicityStudio/SDKs/gecko_sdk_2//platform/radio/rail_lib/autogen/librail_release/librail_efr32xg22_gcc_release.a(rail_rf_hal.o)
                0x00007b98                RAILINT_d02596bebc40577addedcb0f3fcccabb
 .text.RAILINT_dadf1c52f26190429dcacf7151424c68
                0x00007c14       0x34 C:/Users/user/SimplicityStudio/SDKs/gecko_sdk_2//platform/radio/rail_lib/autogen/librail_release/librail_efr32xg22_gcc_release.a(rail_rf_hal.o)
                0x00007c14                RAILINT_dadf1c52f26190429dcacf7151424c68
 .text.RAILINT_3339c86656af5bd3809fcaff6decfb50
                0x00007c48       0x2c C:/Users/user/SimplicityStudio/SDKs/gecko_sdk_2//platform/radio/rail_lib/autogen/librail_release/librail_efr32xg22_gcc_release.a(rail_rf_hal.o)
                0x00007c48                RAILINT_3339c86656af5bd3809fcaff6decfb50
 .text.RAILINT_c1ee6010aaf86bbd071153c63f21d1bb
                0x00007c74      0x130 C:/Users/user/SimplicityStudio/SDKs/gecko_sdk_2//platform/radio/rail_lib/autogen/librail_release/librail_efr32xg22_gcc_release.a(rail_rf_hal.o)
                0x00007c74                RAILINT_c1ee6010aaf86bbd071153c63f21d1bb
 .text.RAILINT_ce58f8101f40e41d6f4ed7c6782d0470
                0x00007da4        0xc C:/Users/user/SimplicityStudio/SDKs/gecko_sdk_2//platform/radio/rail_lib/autogen/librail_release/librail_efr32xg22_gcc_release.a(rail_rf_hal.o)
                0x00007da4                RAILINT_ce58f8101f40e41d6f4ed7c6782d0470
 .text.RAILINT_7d21fe302d0d5665ba214fb0ae622db7
                0x00007db0       0x3c C:/Users/user/SimplicityStudio/SDKs/gecko_sdk_2//platform/radio/rail_lib/autogen/librail_release/librail_efr32xg22_gcc_release.a(rail_rf_hal.o)
                0x00007db0                RAILINT_7d21fe302d0d5665ba214fb0ae622db7
 .text.RAILINT_ac518f867270b9f0917e2ebaa1bf7e9f
                0x00007dec       0x94 C:/Users/user/SimplicityStudio/SDKs/gecko_sdk_2//platform/radio/rail_lib/autogen/librail_release/librail_efr32xg22_gcc_release.a(rail_rf_hal.o)
                0x00007dec                RAILINT_ac518f867270b9f0917e2ebaa1bf7e9f
 .text.RAILINT_80afffae74b97cb33f2f83fd936a7ab8
                0x00007e80       0x1c C:/Users/user/SimplicityStudio/SDKs/gecko_sdk_2//platform/radio/rail_lib/autogen/librail_release/librail_efr32xg22_gcc_release.a(rail_rf_hal.o)
                0x00007e80                RAILINT_80afffae74b97cb33f2f83fd936a7ab8
 .text.RAILINT_83a3874c81bc5511d0e4d7f8af307385
                0x00007e9c       0x34 C:/Users/user/SimplicityStudio/SDKs/gecko_sdk_2//platform/radio/rail_lib/autogen/librail_release/librail_efr32xg22_gcc_release.a(rail_rf_hal.o)
 .text.RAILINT_c232eb9695d8ec51969199511f1ffdbc
                0x00007ed0       0x6c C:/Users/user/SimplicityStudio/SDKs/gecko_sdk_2//platform/radio/rail_lib/autogen/librail_release/librail_efr32xg22_gcc_release.a(rail_rf_hal.o)
                0x00007ed0                RAILINT_c232eb9695d8ec51969199511f1ffdbc
 .text.RAILINT_7bc23e10f52e56d9fc3392da3f1c2215
                0x00007f3c       0x6c C:/Users/user/SimplicityStudio/SDKs/gecko_sdk_2//platform/radio/rail_lib/autogen/librail_release/librail_efr32xg22_gcc_release.a(rail_rf_hal.o)
                0x00007f3c                RAILINT_7bc23e10f52e56d9fc3392da3f1c2215
 .text.RAILINT_0d03c198f5f2a0e358f87f76b3e7eaa4
                0x00007fa8       0xbc C:/Users/user/SimplicityStudio/SDKs/gecko_sdk_2//platform/radio/rail_lib/autogen/librail_release/librail_efr32xg22_gcc_release.a(rail_rf_hal.o)
                0x00007fa8                RAILINT_0d03c198f5f2a0e358f87f76b3e7eaa4
 .text.RAILINT_cd62b828417e3475c6b58e9a311685cc
                0x00008064       0x58 C:/Users/user/SimplicityStudio/SDKs/gecko_sdk_2//platform/radio/rail_lib/autogen/librail_release/librail_efr32xg22_gcc_release.a(rail_rf_hal.o)
                0x00008064                RAILINT_cd62b828417e3475c6b58e9a311685cc
 .text.RAILINT_63a89db964f651a01db7d72312883c55
                0x000080bc       0x9c C:/Users/user/SimplicityStudio/SDKs/gecko_sdk_2//platform/radio/rail_lib/autogen/librail_release/librail_efr32xg22_gcc_release.a(rail_rf_hal.o)
                0x000080bc                RAILINT_63a89db964f651a01db7d72312883c55
 .text.RAILINT_b693f7d424389daf06cac15e5c7b8047
                0x00008158      0x170 C:/Users/user/SimplicityStudio/SDKs/gecko_sdk_2//platform/radio/rail_lib/autogen/librail_release/librail_efr32xg22_gcc_release.a(rail_rf_hal.o)
                0x00008158                RAILINT_b693f7d424389daf06cac15e5c7b8047
 .text.RAILINT_f70b804705a044eb7f74093268741788
                0x000082c8       0x24 C:/Users/user/SimplicityStudio/SDKs/gecko_sdk_2//platform/radio/rail_lib/autogen/librail_release/librail_efr32xg22_gcc_release.a(rail_rf_hal.o)
                0x000082c8                RAILINT_f70b804705a044eb7f74093268741788
 .text.RAILINT_2fd87bc1616c65bab5aaf8241d078d01
                0x000082ec       0x50 C:/Users/user/SimplicityStudio/SDKs/gecko_sdk_2//platform/radio/rail_lib/autogen/librail_release/librail_efr32xg22_gcc_release.a(rail_rf_hal.o)
                0x000082ec                RAILINT_2fd87bc1616c65bab5aaf8241d078d01
 .text.RAILINT_304d05fa5f7ea83bae289f8245ef896e
                0x0000833c      0x140 C:/Users/user/SimplicityStudio/SDKs/gecko_sdk_2//platform/radio/rail_lib/autogen/librail_release/librail_efr32xg22_gcc_release.a(rail_rf_hal.o)
                0x0000833c                RAILINT_304d05fa5f7ea83bae289f8245ef896e
 .text.RAILINT_e331ba91c2ae1705d8ddbb0caff1d0a5
                0x0000847c      0x1d4 C:/Users/user/SimplicityStudio/SDKs/gecko_sdk_2//platform/radio/rail_lib/autogen/librail_release/librail_efr32xg22_gcc_release.a(rail_rf_hal.o)
                0x0000847c                RAILINT_e331ba91c2ae1705d8ddbb0caff1d0a5
 .text.RAILINT_44f844fe44efb07ef80df95a956dc879
                0x00008650      0x11c C:/Users/user/SimplicityStudio/SDKs/gecko_sdk_2//platform/radio/rail_lib/autogen/librail_release/librail_efr32xg22_gcc_release.a(rail_rf_hal.o)
                0x00008650                RAILINT_44f844fe44efb07ef80df95a956dc879
 .text.RAILINT_c95e9d4ad5fb39bdcaabe1c820867429
                0x0000876c       0x28 C:/Users/user/SimplicityStudio/SDKs/gecko_sdk_2//platform/radio/rail_lib/autogen/librail_release/librail_efr32xg22_gcc_release.a(rail_rf_hal.o)
                0x0000876c                RAILINT_c95e9d4ad5fb39bdcaabe1c820867429
 .text.RAILINT_f70cad743ef3526a2ef7ac090e6c385a
                0x00008794       0x9c C:/Users/user/SimplicityStudio/SDKs/gecko_sdk_2//platform/radio/rail_lib/autogen/librail_release/librail_efr32xg22_gcc_release.a(rail_rf_hal.o)
                0x00008794                RAILINT_f70cad743ef3526a2ef7ac090e6c385a
 .text.RAILINT_c141602218ed06e17bb09de10ef4b9a3
                0x00008830       0x4c C:/Users/user/SimplicityStudio/SDKs/gecko_sdk_2//platform/radio/rail_lib/autogen/librail_release/librail_efr32xg22_gcc_release.a(rail_rf_hal.o)
                0x00008830                RAILINT_c141602218ed06e17bb09de10ef4b9a3
 .text.RAILINT_e02d00033aeee031972ce3294c5c5c74
                0x0000887c       0x38 C:/Users/user/SimplicityStudio/SDKs/gecko_sdk_2//platform/radio/rail_lib/autogen/librail_release/librail_efr32xg22_gcc_release.a(rail_rf_hal.o)
                0x0000887c                RAILINT_e02d00033aeee031972ce3294c5c5c74
 .text.RAILINT_b67c091c0cbeb6a549dcb7c12c4dbcdc
                0x000088b4       0x18 C:/Users/user/SimplicityStudio/SDKs/gecko_sdk_2//platform/radio/rail_lib/autogen/librail_release/librail_efr32xg22_gcc_release.a(rail_rf_hal.o)
                0x000088b4                RAILINT_b67c091c0cbeb6a549dcb7c12c4dbcdc
 .text.RAILINT_232a85da35fb8aa0cd28c39542df9730
                0x000088cc       0xd8 C:/Users/user/SimplicityStudio/SDKs/gecko_sdk_2//platform/radio/rail_lib/autogen/librail_release/librail_efr32xg22_gcc_release.a(rail_rf_hal.o)
                0x000088cc                RAILINT_232a85da35fb8aa0cd28c39542df9730
 .text.RAILINT_3209015e469febd3aebf12c10b838c78
                0x000089a4       0x40 C:/Users/user/SimplicityStudio/SDKs/gecko_sdk_2//platform/radio/rail_lib/autogen/librail_release/librail_efr32xg22_gcc_release.a(rail_rf_hal.o)
                0x000089a4                RAILINT_3209015e469febd3aebf12c10b838c78
 .text.RAILINT_3d0930b0b28334e352a161a5b4a4cb94
                0x000089e4      0x204 C:/Users/user/SimplicityStudio/SDKs/gecko_sdk_2//platform/radio/rail_lib/autogen/librail_release/librail_efr32xg22_gcc_release.a(rail_rf_hal.o)
 .text.RAILINT_3e587e95c937431090ed1e304e004f0f
                0x00008be8       0x30 C:/Users/user/SimplicityStudio/SDKs/gecko_sdk_2//platform/radio/rail_lib/autogen/librail_release/librail_efr32xg22_gcc_release.a(rail_rf_hal.o)
                0x00008be8                RAILINT_3e587e95c937431090ed1e304e004f0f
 .text.RAILINT_67b648a3a6e52348d55fcd9139d9f7aa
                0x00008c18       0x10 C:/Users/user/SimplicityStudio/SDKs/gecko_sdk_2//platform/radio/rail_lib/autogen/librail_release/librail_efr32xg22_gcc_release.a(rail_rf_hal.o)
                0x00008c18                RAILINT_67b648a3a6e52348d55fcd9139d9f7aa
 .text.RAILINT_2224e76641c2cf7155997d9bff12d8b8
                0x00008c28       0x10 C:/Users/user/SimplicityStudio/SDKs/gecko_sdk_2//platform/radio/rail_lib/autogen/librail_release/librail_efr32xg22_gcc_release.a(rail_rf_hal.o)
                0x00008c28                RAILINT_2224e76641c2cf7155997d9bff12d8b8
 .text.RAILINT_a4b57b9485a34098ab089f4c182a3c25
                0x00008c38       0x34 C:/Users/user/SimplicityStudio/SDKs/gecko_sdk_2//platform/radio/rail_lib/autogen/librail_release/librail_efr32xg22_gcc_release.a(rfhal_rac.o)
                0x00008c38                RAILINT_a4b57b9485a34098ab089f4c182a3c25
 .text.RAILINT_18d623885a7822cbda696ea8d328c784
                0x00008c6c       0x2c C:/Users/user/SimplicityStudio/SDKs/gecko_sdk_2//platform/radio/rail_lib/autogen/librail_release/librail_efr32xg22_gcc_release.a(rfhal_rac.o)
                0x00008c6c                RAILINT_18d623885a7822cbda696ea8d328c784
 .text.RAILINT_4bcf13a8aca9daa76feae0225ecd6008
                0x00008c98       0x34 C:/Users/user/SimplicityStudio/SDKs/gecko_sdk_2//platform/radio/rail_lib/autogen/librail_release/librail_efr32xg22_gcc_release.a(rfhal_rac.o)
                0x00008c98                RAILINT_4bcf13a8aca9daa76feae0225ecd6008
 .text.RAILINT_d25081615073202245609fde0f0d4fbe
                0x00008ccc       0x10 C:/Users/user/SimplicityStudio/SDKs/gecko_sdk_2//platform/radio/rail_lib/autogen/librail_release/librail_efr32xg22_gcc_release.a(rail_ieee802154_rf_hal.o)
                0x00008ccc                RAILINT_d25081615073202245609fde0f0d4fbe
 .text.RAILINT_7f95357319912f5f43ae9e2f6e59faa2
                0x00008cdc       0x10 C:/Users/user/SimplicityStudio/SDKs/gecko_sdk_2//platform/radio/rail_lib/autogen/librail_release/librail_efr32xg22_gcc_release.a(rail_ieee802154_rf_hal.o)
                0x00008cdc                RAILINT_7f95357319912f5f43ae9e2f6e59faa2
 .text.RAILINT_bd523e50f8dd0476bd448bb4ab0a0bba
                0x00008cec       0x34 C:/Users/user/SimplicityStudio/SDKs/gecko_sdk_2//platform/radio/rail_lib/autogen/librail_release/librail_efr32xg22_gcc_release.a(rail_ieee802154_rf_hal.o)
                0x00008cec                RAILINT_bd523e50f8dd0476bd448bb4ab0a0bba
 .text.RAILINT_98bbf79a9d5372aef3bfc63b8029e5b5
                0x00008d20       0x38 C:/Users/user/SimplicityStudio/SDKs/gecko_sdk_2//platform/radio/rail_lib/autogen/librail_release/librail_efr32xg22_gcc_release.a(rail_ieee802154_rf_hal.o)
                0x00008d20                RAILINT_98bbf79a9d5372aef3bfc63b8029e5b5
 .text.RAILINT_4ba0fcf40ef9ac3b03e591eab1bfcbb7
                0x00008d58       0x5c C:/Users/user/SimplicityStudio/SDKs/gecko_sdk_2//platform/radio/rail_lib/autogen/librail_release/librail_efr32xg22_gcc_release.a(rail_ble_rf_hal.o)
                0x00008d58                RAILINT_4ba0fcf40ef9ac3b03e591eab1bfcbb7
 .text.RAILINT_6bad1785a3589015506e2c42f8453d99
                0x00008db4       0x2c C:/Users/user/SimplicityStudio/SDKs/gecko_sdk_2//platform/radio/rail_lib/autogen/librail_release/librail_efr32xg22_gcc_release.a(rail_ble_rf_hal.o)
                0x00008db4                RAILINT_6bad1785a3589015506e2c42f8453d99
 .text.RAILINT_89cb1bf51b61f1bfe707197b065b3ab1
                0x00008de0       0x2c C:/Users/user/SimplicityStudio/SDKs/gecko_sdk_2//platform/radio/rail_lib/autogen/librail_release/librail_efr32xg22_gcc_release.a(rail_ble_rf_hal.o)
                0x00008de0                RAILINT_89cb1bf51b61f1bfe707197b065b3ab1
 .text.RAILINT_5f35beb025c47a589aa3ed9bbfc5d0b9
                0x00008e0c       0x2c C:/Users/user/SimplicityStudio/SDKs/gecko_sdk_2//platform/radio/rail_lib/autogen/librail_release/librail_efr32xg22_gcc_release.a(rail_ble_rf_hal.o)
                0x00008e0c                RAILINT_5f35beb025c47a589aa3ed9bbfc5d0b9
 .text.RAILINT_f50d84053c96a6220c1489d9a534f4b5
                0x00008e38       0x48 C:/Users/user/SimplicityStudio/SDKs/gecko_sdk_2//platform/radio/rail_lib/autogen/librail_release/librail_efr32xg22_gcc_release.a(rail_ble_rf_hal.o)
                0x00008e38                RAILINT_f50d84053c96a6220c1489d9a534f4b5
 .text.RAILINT_8447a86bc2b76b852231aee5b7038295
                0x00008e80       0x74 C:/Users/user/SimplicityStudio/SDKs/gecko_sdk_2//platform/radio/rail_lib/autogen/librail_release/librail_efr32xg22_gcc_release.a(rail_ble_rf_hal.o)
                0x00008e80                RAILINT_8447a86bc2b76b852231aee5b7038295
 .text.RAILINT_87353ca7452e06f038af53dfba84b324
                0x00008ef4       0x3c C:/Users/user/SimplicityStudio/SDKs/gecko_sdk_2//platform/radio/rail_lib/autogen/librail_release/librail_efr32xg22_gcc_release.a(rail_ble_rf_hal.o)
                0x00008ef4                RAILINT_87353ca7452e06f038af53dfba84b324
 .text.RAILINT_d9375a2f7c9de955021e97fd17cd6cb2
                0x00008f30       0xcc C:/Users/user/SimplicityStudio/SDKs/gecko_sdk_2//platform/radio/rail_lib/autogen/librail_release/librail_efr32xg22_gcc_release.a(rail_ble_rf_hal_cte.o)
                0x00008f30                RAILINT_d9375a2f7c9de955021e97fd17cd6cb2
 .text.RAILINT_a779509c3ccfe3314b466cbc2527e4c8
                0x00008ffc       0x24 C:/Users/user/SimplicityStudio/SDKs/gecko_sdk_2//platform/radio/rail_lib/autogen/librail_release/librail_efr32xg22_gcc_release.a(rfhal_ircal.o)
                0x00008ffc                RAILINT_a779509c3ccfe3314b466cbc2527e4c8
 .text.RAILINT_180789e54523ec093dde33f764dd8f42
                0x00009020       0x24 C:/Users/user/SimplicityStudio/SDKs/gecko_sdk_2//platform/radio/rail_lib/autogen/librail_release/librail_efr32xg22_gcc_release.a(rfhal_ircal.o)
                0x00009020                RAILINT_180789e54523ec093dde33f764dd8f42
 .text.RAILINT_7c4474e9c252fd93501bbf7d6298f3d3
                0x00009044       0x38 C:/Users/user/SimplicityStudio/SDKs/gecko_sdk_2//platform/radio/rail_lib/autogen/librail_release/librail_efr32xg22_gcc_release.a(rfhal_antenna.o)
                0x00009044                RAILINT_7c4474e9c252fd93501bbf7d6298f3d3
 .text.RAILINT_893fd72dfcf6ebbe2598a01d375fa2c0
                0x0000907c       0x50 C:/Users/user/SimplicityStudio/SDKs/gecko_sdk_2//platform/radio/rail_lib/autogen/librail_release/librail_efr32xg22_gcc_release.a(rfhal_bufc.o)
 .text.RAILINT_86983bfebc3fcf81f3ab3444e4625a88
                0x000090cc       0x38 C:/Users/user/SimplicityStudio/SDKs/gecko_sdk_2//platform/radio/rail_lib/autogen/librail_release/librail_efr32xg22_gcc_release.a(rfhal_bufc.o)
                0x000090cc                RAILINT_86983bfebc3fcf81f3ab3444e4625a88
 .text.RAILINT_cdbd2ef4368f95ff8e91482f629bd134
                0x00009104       0x18 C:/Users/user/SimplicityStudio/SDKs/gecko_sdk_2//platform/radio/rail_lib/autogen/librail_release/librail_efr32xg22_gcc_release.a(rfhal_bufc.o)
                0x00009104                RAILINT_cdbd2ef4368f95ff8e91482f629bd134
 .text.RAILINT_d098fb7ee08dc8d454a1df118de69bc4
                0x0000911c      0x18c C:/Users/user/SimplicityStudio/SDKs/gecko_sdk_2//platform/radio/rail_lib/autogen/librail_release/librail_efr32xg22_gcc_release.a(rfhal_bufc.o)
                0x0000911c                RAILINT_d098fb7ee08dc8d454a1df118de69bc4
 .text.RAILINT_53ead1b019a1cdfd0829dbc64825eeac
                0x000092a8       0x58 C:/Users/user/SimplicityStudio/SDKs/gecko_sdk_2//platform/radio/rail_lib/autogen/librail_release/librail_efr32xg22_gcc_release.a(rfhal_bufc.o)
                0x000092a8                RAILINT_53ead1b019a1cdfd0829dbc64825eeac
 .text.RAILINT_6281eecc9c4ea6e1ecc523be2e1d48d2
                0x00009300       0x8c C:/Users/user/SimplicityStudio/SDKs/gecko_sdk_2//platform/radio/rail_lib/autogen/librail_release/librail_efr32xg22_gcc_release.a(rfhal_bufc.o)
                0x00009300                RAILINT_6281eecc9c4ea6e1ecc523be2e1d48d2
 .text.RAILINT_32732aa1d78833fa65026efd536f2c3e
                0x0000938c       0x44 C:/Users/user/SimplicityStudio/SDKs/gecko_sdk_2//platform/radio/rail_lib/autogen/librail_release/librail_efr32xg22_gcc_release.a(rfhal_bufc.o)
                0x0000938c                RAILINT_32732aa1d78833fa65026efd536f2c3e
 .text.RAILINT_d9e915d6d22bf4edc2f73d7c60daed1e
                0x000093d0       0x18 C:/Users/user/SimplicityStudio/SDKs/gecko_sdk_2//platform/radio/rail_lib/autogen/librail_release/librail_efr32xg22_gcc_release.a(rfhal_bufc.o)
                0x000093d0                RAILINT_d9e915d6d22bf4edc2f73d7c60daed1e
 .text.RAILINT_f921a6fdde390c986016ab0c8bf49fae
                0x000093e8      0x134 C:/Users/user/SimplicityStudio/SDKs/gecko_sdk_2//platform/radio/rail_lib/autogen/librail_release/librail_efr32xg22_gcc_release.a(rfhal_bufc.o)
                0x000093e8                RAILINT_f921a6fdde390c986016ab0c8bf49fae
 .text.RAILINT_0906929bba6a17fd8a9605e65064a9f4
                0x0000951c       0x68 C:/Users/user/SimplicityStudio/SDKs/gecko_sdk_2//platform/radio/rail_lib/autogen/librail_release/librail_efr32xg22_gcc_release.a(rfhal_bufc.o)
                0x0000951c                RAILINT_0906929bba6a17fd8a9605e65064a9f4
 .text.RAILINT_31258cb71f8a6b9069347d576bc679f0
                0x00009584       0x1c C:/Users/user/SimplicityStudio/SDKs/gecko_sdk_2//platform/radio/rail_lib/autogen/librail_release/librail_efr32xg22_gcc_release.a(rfhal_bufc.o)
                0x00009584                RAILINT_31258cb71f8a6b9069347d576bc679f0
 .text.RAILINT_6e9511005f24d0489b4328a9cd887def
                0x000095a0       0x2c C:/Users/user/SimplicityStudio/SDKs/gecko_sdk_2//platform/radio/rail_lib/autogen/librail_release/librail_efr32xg22_gcc_release.a(rfhal_bufc.o)
                0x000095a0                RAILINT_6e9511005f24d0489b4328a9cd887def
 .text.RAILINT_052f8b2565813079f19c931bac48db51
                0x000095cc      0x16c C:/Users/user/SimplicityStudio/SDKs/gecko_sdk_2//platform/radio/rail_lib/autogen/librail_release/librail_efr32xg22_gcc_release.a(rfhal_bufc.o)
                0x000095cc                RAILINT_052f8b2565813079f19c931bac48db51
 .text.RAILINT_37dcaf6b67da0fa3f13a9cf3e2b6a0ca
                0x00009738       0x1c C:/Users/user/SimplicityStudio/SDKs/gecko_sdk_2//platform/radio/rail_lib/autogen/librail_release/librail_efr32xg22_gcc_release.a(rfhal_module.o)
                0x00009738                RAILINT_37dcaf6b67da0fa3f13a9cf3e2b6a0ca
 .text.RAILINT_5eae5b33728fa998af27aab462a94cc2
                0x00009754       0x6c C:/Users/user/SimplicityStudio/SDKs/gecko_sdk_2//platform/radio/rail_lib/autogen/librail_release/librail_efr32xg22_gcc_release.a(rfhal_pa.o)
                0x00009754                RAILINT_5eae5b33728fa998af27aab462a94cc2
 .text.RAILINT_5b690911fb63c8ed3939b23ea6b3c04d
                0x000097c0       0x14 C:/Users/user/SimplicityStudio/SDKs/gecko_sdk_2//platform/radio/rail_lib/autogen/librail_release/librail_efr32xg22_gcc_release.a(rfhal_pa.o)
                0x000097c0                RAILINT_5b690911fb63c8ed3939b23ea6b3c04d
 .text.RAILINT_0a4e93b519ac593c17e9cf2bca4c4cf3
                0x000097d4       0x20 C:/Users/user/SimplicityStudio/SDKs/gecko_sdk_2//platform/radio/rail_lib/autogen/librail_release/librail_efr32xg22_gcc_release.a(rfhal_pa.o)
                0x000097d4                RAILINT_0a4e93b519ac593c17e9cf2bca4c4cf3
 .text.RAILINT_538e671f17d827f5e8fbb6213721d612
                0x000097f4       0x40 C:/Users/user/SimplicityStudio/SDKs/gecko_sdk_2//platform/radio/rail_lib/autogen/librail_release/librail_efr32xg22_gcc_release.a(rfhal_pa.o)
                0x000097f4                RAILINT_538e671f17d827f5e8fbb6213721d612
 .text.RAILINT_1040bf941e847cb582a86b6ad519d354
                0x00009834       0x1c C:/Users/user/SimplicityStudio/SDKs/gecko_sdk_2//platform/radio/rail_lib/autogen/librail_release/librail_efr32xg22_gcc_release.a(rfhal_pa.o)
                0x00009834                RAILINT_1040bf941e847cb582a86b6ad519d354
 .text.RAILINT_692f9e407ff0da6bb4b5f2aa1969c134
                0x00009850      0x1ec C:/Users/user/SimplicityStudio/SDKs/gecko_sdk_2//platform/radio/rail_lib/autogen/librail_release/librail_efr32xg22_gcc_release.a(rfhal_pa.o)
                0x00009850                RAILINT_692f9e407ff0da6bb4b5f2aa1969c134
 .text.RAILINT_08c8419aa71adfff4194c3a91186dc0b
                0x00009a3c       0x54 C:/Users/user/SimplicityStudio/SDKs/gecko_sdk_2//platform/radio/rail_lib/autogen/librail_release/librail_efr32xg22_gcc_release.a(rfhal_pa.o)
                0x00009a3c                RAILINT_08c8419aa71adfff4194c3a91186dc0b
 .text.RAILINT_72ff69444642d56e9a45aed09ca05444
                0x00009a90       0x80 C:/Users/user/SimplicityStudio/SDKs/gecko_sdk_2//platform/radio/rail_lib/autogen/librail_release/librail_efr32xg22_gcc_release.a(rfhal_pti.o)
 .text.RAILINT_1a28987f80d88c2ee465192586a92d40
                0x00009b10       0x10 C:/Users/user/SimplicityStudio/SDKs/gecko_sdk_2//platform/radio/rail_lib/autogen/librail_release/librail_efr32xg22_gcc_release.a(rfhal_pti.o)
                0x00009b10                RAILINT_1a28987f80d88c2ee465192586a92d40
 .text.RAILINT_c36d58880426266e9a928d6ac9ae9371
                0x00009b20      0x104 C:/Users/user/SimplicityStudio/SDKs/gecko_sdk_2//platform/radio/rail_lib/autogen/librail_release/librail_efr32xg22_gcc_release.a(rfhal_pti.o)
                0x00009b20                RAILINT_c36d58880426266e9a928d6ac9ae9371
 .text.RAILINT_49c5c14759dc0ba43af578a042b7d568
                0x00009c24       0x94 C:/Users/user/SimplicityStudio/SDKs/gecko_sdk_2//platform/radio/rail_lib/autogen/librail_release/librail_efr32xg22_gcc_release.a(rfhal_pti.o)
                0x00009c24                RAILINT_49c5c14759dc0ba43af578a042b7d568
 .text.PTI_AuxdataOutput
                0x00009cb8       0x18 C:/Users/user/SimplicityStudio/SDKs/gecko_sdk_2//platform/radio/rail_lib/autogen/librail_release/librail_efr32xg22_gcc_release.a(rfhal_pti.o)
                0x00009cb8                PTI_AuxdataOutput
 .text.RAILINT_f54fc581018404e27eb6209945094fb1
                0x00009cd0       0x30 C:/Users/user/SimplicityStudio/SDKs/gecko_sdk_2//platform/radio/rail_lib/autogen/librail_release/librail_efr32xg22_gcc_release.a(rfhal_pti.o)
                0x00009cd0                RAILINT_f54fc581018404e27eb6209945094fb1
 .text.RAILINT_a2bb09bbf0f5a66273c06b6551b0acd9
                0x00009d00       0xdc C:/Users/user/SimplicityStudio/SDKs/gecko_sdk_2//platform/radio/rail_lib/autogen/librail_release/librail_efr32xg22_gcc_release.a(rfhal_protimer.o)
                0x00009d00                RAILINT_a2bb09bbf0f5a66273c06b6551b0acd9
 .text.RAILINT_2867cf1f7327fd002fccf5d8ded311be
                0x00009ddc       0x1c C:/Users/user/SimplicityStudio/SDKs/gecko_sdk_2//platform/radio/rail_lib/autogen/librail_release/librail_efr32xg22_gcc_release.a(rfhal_protimer.o)
                0x00009ddc                RAILINT_2867cf1f7327fd002fccf5d8ded311be
 .text.RAILINT_b925e171c25408a00cc433760e355480
                0x00009df8       0x24 C:/Users/user/SimplicityStudio/SDKs/gecko_sdk_2//platform/radio/rail_lib/autogen/librail_release/librail_efr32xg22_gcc_release.a(rfhal_protimer.o)
                0x00009df8                RAILINT_b925e171c25408a00cc433760e355480
 .text.RAILINT_4f93cdd7aecf168775f2a95c9141aec8
                0x00009e1c       0x3c C:/Users/user/SimplicityStudio/SDKs/gecko_sdk_2//platform/radio/rail_lib/autogen/librail_release/librail_efr32xg22_gcc_release.a(rfhal_protimer.o)
                0x00009e1c                RAILINT_4f93cdd7aecf168775f2a95c9141aec8
 .text.RAILINT_30b95b9e98ec0997b2a8f05421916f4a
                0x00009e58      0x200 C:/Users/user/SimplicityStudio/SDKs/gecko_sdk_2//platform/radio/rail_lib/autogen/librail_release/librail_efr32xg22_gcc_release.a(rfhal_protimer.o)
                0x00009e58                RAILINT_30b95b9e98ec0997b2a8f05421916f4a
 .text.RAILINT_bda0c15173302986042c4866e7e8cb7e
                0x0000a058       0x14 C:/Users/user/SimplicityStudio/SDKs/gecko_sdk_2//platform/radio/rail_lib/autogen/librail_release/librail_efr32xg22_gcc_release.a(rfhal_protimer.o)
                0x0000a058                RAILINT_bda0c15173302986042c4866e7e8cb7e
 .text.RAILINT_6fba69fb8464276fb40686c982612f36
                0x0000a06c       0x18 C:/Users/user/SimplicityStudio/SDKs/gecko_sdk_2//platform/radio/rail_lib/autogen/librail_release/librail_efr32xg22_gcc_release.a(rfhal_protimer.o)
                0x0000a06c                RAILINT_6fba69fb8464276fb40686c982612f36
 .text.RAILINT_c51be8ee5a1368e218ec48a993030c0a
                0x0000a084       0x30 C:/Users/user/SimplicityStudio/SDKs/gecko_sdk_2//platform/radio/rail_lib/autogen/librail_release/librail_efr32xg22_gcc_release.a(rfhal_protimer.o)
                0x0000a084                RAILINT_c51be8ee5a1368e218ec48a993030c0a
 .text.RAILINT_91acd8a0b3b22b251b18aeabdb4a57f7
                0x0000a0b4       0x18 C:/Users/user/SimplicityStudio/SDKs/gecko_sdk_2//platform/radio/rail_lib/autogen/librail_release/librail_efr32xg22_gcc_release.a(rfhal_protimer.o)
                0x0000a0b4                RAILINT_91acd8a0b3b22b251b18aeabdb4a57f7
 .text.RAILINT_3d752c35229134eb0acd91db488d7c4c
                0x0000a0cc       0x24 C:/Users/user/SimplicityStudio/SDKs/gecko_sdk_2//platform/radio/rail_lib/autogen/librail_release/librail_efr32xg22_gcc_release.a(rfhal_protimer.o)
                0x0000a0cc                RAILINT_3d752c35229134eb0acd91db488d7c4c
 .text.RAILINT_91df45e96a2874f76867d6f26ae534a0
                0x0000a0f0       0x40 C:/Users/user/SimplicityStudio/SDKs/gecko_sdk_2//platform/radio/rail_lib/autogen/librail_release/librail_efr32xg22_gcc_release.a(rfhal_protimer.o)
                0x0000a0f0                RAILINT_91df45e96a2874f76867d6f26ae534a0
 .text.RAILINT_ad7358df057f4cc41be1c3fbdd504958
                0x0000a130       0x34 C:/Users/user/SimplicityStudio/SDKs/gecko_sdk_2//platform/radio/rail_lib/autogen/librail_release/librail_efr32xg22_gcc_release.a(rfhal_radio.o)
 .text.RAILINT_7eef505a2ab2bf9ba8257b9a73e538f4
                0x0000a164       0x2c C:/Users/user/SimplicityStudio/SDKs/gecko_sdk_2//platform/radio/rail_lib/autogen/librail_release/librail_efr32xg22_gcc_release.a(rfhal_radio.o)
 .text.RAILINT_2e07a6872d92c4b3e3c2fd6af0b0470f
                0x0000a190       0x8c C:/Users/user/SimplicityStudio/SDKs/gecko_sdk_2//platform/radio/rail_lib/autogen/librail_release/librail_efr32xg22_gcc_release.a(rfhal_radio.o)
 .text.RAILINT_2d55024751d647dfef36f5f548d0f2cb
                0x0000a21c       0x50 C:/Users/user/SimplicityStudio/SDKs/gecko_sdk_2//platform/radio/rail_lib/autogen/librail_release/librail_efr32xg22_gcc_release.a(rfhal_radio.o)
                0x0000a21c                RAILINT_2d55024751d647dfef36f5f548d0f2cb
 .text.RAILINT_cb6873b0df1bc2d438b9774b36721ca4
                0x0000a26c       0x4c C:/Users/user/SimplicityStudio/SDKs/gecko_sdk_2//platform/radio/rail_lib/autogen/librail_release/librail_efr32xg22_gcc_release.a(rfhal_radio.o)
                0x0000a26c                RAILINT_cb6873b0df1bc2d438b9774b36721ca4
 .text.RAILINT_0a958662e0f9b48ba3742030a3e4e70c
                0x0000a2b8       0x9c C:/Users/user/SimplicityStudio/SDKs/gecko_sdk_2//platform/radio/rail_lib/autogen/librail_release/librail_efr32xg22_gcc_release.a(rfhal_radio.o)
                0x0000a2b8                RAILINT_0a958662e0f9b48ba3742030a3e4e70c
 .text.RAILINT_ff78d9bb4bfe772063473783474f9dc5
                0x0000a354       0x4c C:/Users/user/SimplicityStudio/SDKs/gecko_sdk_2//platform/radio/rail_lib/autogen/librail_release/librail_efr32xg22_gcc_release.a(rfhal_radio.o)
                0x0000a354                RAILINT_ff78d9bb4bfe772063473783474f9dc5
 .text.RAILINT_83b3e2e99c8f4d3fd0b62943447c7cff
                0x0000a3a0       0x68 C:/Users/user/SimplicityStudio/SDKs/gecko_sdk_2//platform/radio/rail_lib/autogen/librail_release/librail_efr32xg22_gcc_release.a(rfhal_radio.o)
                0x0000a3a0                RAILINT_83b3e2e99c8f4d3fd0b62943447c7cff
 .text.RAILINT_29728e9d96985f5babe5fba5eab67a2d
                0x0000a408       0x1c C:/Users/user/SimplicityStudio/SDKs/gecko_sdk_2//platform/radio/rail_lib/autogen/librail_release/librail_efr32xg22_gcc_release.a(rfhal_radio.o)
                0x0000a408                RAILINT_29728e9d96985f5babe5fba5eab67a2d
 .text.RAILINT_0db83bf7a6ec6ad175f2b3bb6bb8465a
                0x0000a424       0xf0 C:/Users/user/SimplicityStudio/SDKs/gecko_sdk_2//platform/radio/rail_lib/autogen/librail_release/librail_efr32xg22_gcc_release.a(rfhal_radio.o)
                0x0000a424                RAILINT_0db83bf7a6ec6ad175f2b3bb6bb8465a
 .text.RAILINT_171f424fc160b143d72e8b724c33f1c6
                0x0000a514       0x70 C:/Users/user/SimplicityStudio/SDKs/gecko_sdk_2//platform/radio/rail_lib/autogen/librail_release/librail_efr32xg22_gcc_release.a(rfhal_radio.o)
                0x0000a514                RAILINT_171f424fc160b143d72e8b724c33f1c6
 .text.RAILINT_cd65c06e3b1af867d6257be45870f13b
                0x0000a584       0xf4 C:/Users/user/SimplicityStudio/SDKs/gecko_sdk_2//platform/radio/rail_lib/autogen/librail_release/librail_efr32xg22_gcc_release.a(rfhal_radio.o)
                0x0000a584                RAILINT_cd65c06e3b1af867d6257be45870f13b
 .text.RAILINT_f9e5228e0d9c01913b590cb22fe86427
                0x0000a678        0xc C:/Users/user/SimplicityStudio/SDKs/gecko_sdk_2//platform/radio/rail_lib/autogen/librail_release/librail_efr32xg22_gcc_release.a(rfhal_radio.o)
                0x0000a678                RAILINT_f9e5228e0d9c01913b590cb22fe86427
 .text.RAILINT_0fcb2d75494993f121b931b03a54c62c
                0x0000a684        0xc C:/Users/user/SimplicityStudio/SDKs/gecko_sdk_2//platform/radio/rail_lib/autogen/librail_release/librail_efr32xg22_gcc_release.a(rfhal_radio.o)
                0x0000a684                RAILINT_0fcb2d75494993f121b931b03a54c62c
 .text.RAILINT_d8be8114d0438e8c4744d07fb3afceb2
                0x0000a690        0xc C:/Users/user/SimplicityStudio/SDKs/gecko_sdk_2//platform/radio/rail_lib/autogen/librail_release/librail_efr32xg22_gcc_release.a(rfhal_radio.o)
                0x0000a690                RAILINT_d8be8114d0438e8c4744d07fb3afceb2
 .text.RAILINT_107f383da9004c7c039de184830a3649
                0x0000a69c        0xc C:/Users/user/SimplicityStudio/SDKs/gecko_sdk_2//platform/radio/rail_lib/autogen/librail_release/librail_efr32xg22_gcc_release.a(rfhal_radio.o)
                0x0000a69c                RAILINT_107f383da9004c7c039de184830a3649
 .text.RAILINT_98702195dd5df205b66d73f7f1b701b5
                0x0000a6a8       0x24 C:/Users/user/SimplicityStudio/SDKs/gecko_sdk_2//platform/radio/rail_lib/autogen/librail_release/librail_efr32xg22_gcc_release.a(rfhal_radio.o)
                0x0000a6a8                RAILINT_98702195dd5df205b66d73f7f1b701b5
 .text.RAILINT_f653c2a462666f78ad07511adb1c6ca5
                0x0000a6cc       0xbc C:/Users/user/SimplicityStudio/SDKs/gecko_sdk_2//platform/radio/rail_lib/autogen/librail_release/librail_efr32xg22_gcc_release.a(rfhal_radio.o)
                0x0000a6cc                RAILINT_f653c2a462666f78ad07511adb1c6ca5
 .text.RAILINT_12973c63ce9f157526b71bd49da4eecd
                0x0000a788       0x18 C:/Users/user/SimplicityStudio/SDKs/gecko_sdk_2//platform/radio/rail_lib/autogen/librail_release/librail_efr32xg22_gcc_release.a(rfhal_radio.o)
                0x0000a788                RAILINT_12973c63ce9f157526b71bd49da4eecd
 .text.RAILINT_1161b5fbd248b16b9006cacb961f2bf2
                0x0000a7a0       0x34 C:/Users/user/SimplicityStudio/SDKs/gecko_sdk_2//platform/radio/rail_lib/autogen/librail_release/librail_efr32xg22_gcc_release.a(rfhal_radio.o)
                0x0000a7a0                RAILINT_1161b5fbd248b16b9006cacb961f2bf2
 .text.RFSENSE_IRQHandler
                0x0000a7d4       0x2c C:/Users/user/SimplicityStudio/SDKs/gecko_sdk_2//platform/radio/rail_lib/autogen/librail_release/librail_efr32xg22_gcc_release.a(rfhal_rfsense.o)
                0x0000a7d4                RFSENSE_IRQHandler
 .text.RAILINT_e37c2f8c4e95a72e70099c8f3fa2cfe4
                0x0000a800       0x24 C:/Users/user/SimplicityStudio/SDKs/gecko_sdk_2//platform/radio/rail_lib/autogen/librail_release/librail_efr32xg22_gcc_release.a(rfhal_rand.o)
                0x0000a800                RAILINT_e37c2f8c4e95a72e70099c8f3fa2cfe4
 .text.PRORTC_IRQHandler
                0x0000a824       0x28 C:/Users/user/SimplicityStudio/SDKs/gecko_sdk_2//platform/radio/rail_lib/autogen/librail_release/librail_efr32xg22_gcc_release.a(rfhal_rtccsync.o)
                0x0000a824                PRORTC_IRQHandler
 .text.RAILINT_ec98693ee08d705578ea34d20ad5a3f0
                0x0000a84c       0x6c C:/Users/user/SimplicityStudio/SDKs/gecko_sdk_2//platform/radio/rail_lib/autogen/librail_release/librail_efr32xg22_gcc_release.a(rfhal_synth.o)
                0x0000a84c                RAILINT_ec98693ee08d705578ea34d20ad5a3f0
 .text.RAILINT_f26e766b4223f258d2a3acd050099dec
                0x0000a8b8      0x3f8 C:/Users/user/SimplicityStudio/SDKs/gecko_sdk_2//platform/radio/rail_lib/autogen/librail_release/librail_efr32xg22_gcc_release.a(rfhal_synth.o)
                0x0000a8b8                RAILINT_f26e766b4223f258d2a3acd050099dec
 .text.RAILINT_40f50b01b0acf65296da94a1cd4ce85b
                0x0000acb0       0xb0 C:/Users/user/SimplicityStudio/SDKs/gecko_sdk_2//platform/radio/rail_lib/autogen/librail_release/librail_efr32xg22_gcc_release.a(rfhal_synth.o)
                0x0000acb0                RAILINT_40f50b01b0acf65296da94a1cd4ce85b
 .text.RAILINT_13745921110d6517f85d6d608ac18409
                0x0000ad60       0x28 C:/Users/user/SimplicityStudio/SDKs/gecko_sdk_2//platform/radio/rail_lib/autogen/librail_release/librail_efr32xg22_gcc_release.a(rfhal_synth.o)
                0x0000ad60                RAILINT_13745921110d6517f85d6d608ac18409
 .text.RAILINT_d9d959c13a2c6623dc2f091e6ed94b0d
                0x0000ad88       0x54 C:/Users/user/SimplicityStudio/SDKs/gecko_sdk_2//platform/radio/rail_lib/autogen/librail_release/librail_efr32xg22_gcc_release.a(rfhal_tempcal.o)
                0x0000ad88                RAILINT_d9d959c13a2c6623dc2f091e6ed94b0d
 .text.RAILINT_cb8a12f5bd0c458ceee6331009f9048b
                0x0000addc       0x1c C:/Users/user/SimplicityStudio/SDKs/gecko_sdk_2//platform/radio/rail_lib/autogen/librail_release/librail_efr32xg22_gcc_release.a(rfhal_timings.o)
 .text.RAILINT_7d5e8dd7e9ddbfd218b10f5abbb68ffc